../Core/Src/main.c:95:5:main	8	static
../Core/Src/main.c:175:6:SystemClock_Config	88	static
../Core/Src/main.c:217:13:MX_ADC1_Init	24	static
../Core/Src/main.c:269:13:MX_USART2_UART_Init	8	static
../Core/Src/main.c:302:13:MX_GPIO_Init	16	static
../Core/Src/main.c:316:6:getDigitalTemperatureFromADC	8	static
../Core/Src/main.c:322:6:mapDigitalTemperatureToVolt	4	static
../Core/Src/main.c:326:6:mapMVoltToCelsius	4	static
../Core/Src/main.c:338:6:LM35_getTemprature	24	static
../Core/Src/main.c:367:6:Error_Handler	4	static,ignoring_inline_asm
