../Core/Src/main.c:190:5:main	8	static
../Core/Src/main.c:284:6:SystemClock_Config	88	static
../Core/Src/main.c:326:13:MX_ADC1_Init	24	static
../Core/Src/main.c:378:13:MX_I2C1_Init	8	static
../Core/Src/main.c:412:13:MX_GPIO_Init	40	static
../Core/Src/main.c:439:10:GetElapsedTime	16	static
../Core/Src/main.c:444:6:EEPROM_voidInitTime	16	static
../Core/Src/main.c:464:6:mapDigitalvalueToLeds	16	static
../Core/Src/main.c:518:6:getDigitalTemperatureFromADC	8	static
../Core/Src/main.c:524:6:mapDigitalTemperatureToVolt	4	static
../Core/Src/main.c:528:6:mapMVoltToCelsius	4	static
../Core/Src/main.c:542:6:IncTimFunc	16	static
../Core/Src/main.c:562:6:EEPROM_saveTimVal	16	static
../Core/Src/main.c:582:6:getFuelLevelFromADC	16	static
../Core/Src/main.c:605:6:mapFuelLevelDigtalToLED	16	static
../Core/Src/main.c:627:6:LM35_getTemprature	16	static
../Core/Src/main.c:654:6:Error_Handler	4	static,ignoring_inline_asm
