../Core/Src/main.c:109:6:HAL_TIM_IC_CaptureCallback	16	static
../Core/Src/main.c:201:5:main	104	static
../Core/Src/main.c:290:6:SystemClock_Config	88	static
../Core/Src/main.c:333:13:MX_TIM2_Init	48	static
../Core/Src/main.c:391:13:MX_TIM5_Init	48	static
../Core/Src/main.c:449:13:MX_USART1_UART_Init	8	static
../Core/Src/main.c:482:13:MX_GPIO_Init	40	static
../Core/Src/main.c:519:6:EnableUltrasonic_1_TimerInterrutp	8	static,ignoring_inline_asm
../Core/Src/main.c:524:6:EnableUltrasonic_2_TimerInterrutp	8	static,ignoring_inline_asm
../Core/Src/main.c:539:6:triggerUltrasonic_1_Handeler	24	static
../Core/Src/main.c:562:6:triggerUltrasonic_2_Handeler	24	static
../Core/Src/main.c:586:6:indecateOnLED_Handeler	16	static
../Core/Src/main.c:644:6:HAL_TIM_PeriodElapsedCallback	16	static
../Core/Src/main.c:661:6:Error_Handler	4	static,ignoring_inline_asm
