../Core/Src/main.c:106:6:HAL_TIM_IC_CaptureCallback	16	static
../Core/Src/main.c:196:5:main	104	static
../Core/Src/main.c:285:6:SystemClock_Config	88	static
../Core/Src/main.c:328:13:MX_SPI1_Init	8	static
../Core/Src/main.c:366:13:MX_TIM2_Init	48	static
../Core/Src/main.c:424:13:MX_TIM5_Init	48	static
../Core/Src/main.c:482:13:MX_GPIO_Init	40	static
../Core/Src/main.c:519:6:EnableUltrasonic_1_TimerInterrutp	8	static,ignoring_inline_asm
../Core/Src/main.c:524:6:EnableUltrasonic_2_TimerInterrutp	8	static,ignoring_inline_asm
../Core/Src/main.c:539:6:triggerUltrasonic_1_Handeler	24	static
../Core/Src/main.c:563:6:triggerUltrasonic_2_Handeler	24	static
../Core/Src/main.c:587:6:indecateOnLED_Handeler	16	static
../Core/Src/main.c:630:6:HAL_TIM_PeriodElapsedCallback	16	static
../Core/Src/main.c:647:6:Error_Handler	4	static,ignoring_inline_asm
