../Core/Src/main.c:115:5:main	8	static
../Core/Src/main.c:206:6:SystemClock_Config	88	static
../Core/Src/main.c:253:13:MX_ADC1_Init	24	static
../Core/Src/main.c:305:13:MX_I2C1_Init	8	static
../Core/Src/main.c:339:13:MX_GPIO_Init	40	static
../Core/Src/main.c:364:10:GetElapsedTime	16	static
../Core/Src/main.c:369:6:EEPROM_voidInitTime	16	static
../Core/Src/main.c:396:6:IncTimFunc	16	static
../Core/Src/main.c:416:6:EEPROM_saveTimVal	16	static
../Core/Src/main.c:436:6:getFuelLevelFromADC	16	static
../Core/Src/main.c:454:6:mapFuelLevelDigtalToLED	16	static
../Core/Src/main.c:469:6:Error_Handler	4	static,ignoring_inline_asm
