../Core/Src/main.c:96:6:HAL_TIM_IC_CaptureCallback	16	static
../Core/Src/main.c:188:5:main	72	static
../Core/Src/main.c:273:6:SystemClock_Config	88	static
../Core/Src/main.c:316:13:MX_SPI1_Init	8	static
../Core/Src/main.c:354:13:MX_TIM2_Init	48	static
../Core/Src/main.c:412:13:MX_TIM5_Init	48	static
../Core/Src/main.c:470:13:MX_GPIO_Init	40	static
../Core/Src/main.c:505:6:EnableUltrasonic_1_TimerInterrutp	8	static,ignoring_inline_asm
../Core/Src/main.c:520:6:triggerUltrasonic_1_Task	24	static
../Core/Src/main.c:543:6:indecateOnLED_Task	16	static
../Core/Src/main.c:586:6:HAL_TIM_PeriodElapsedCallback	16	static
../Core/Src/main.c:603:6:Error_Handler	4	static,ignoring_inline_asm
