Archive member included to satisfy reference by file (symbol)

D:/ITI_Embedded system/3- ARM/STM32CubeIDE_1.13.1/STM32CubeIDE/plugins/com.st.stm32cube.ide.mcu.externaltools.gnu-tools-for-stm32.11.3.rel1.win32_1.1.1.202309131626/tools/bin/../lib/gcc/arm-none-eabi/11.3.1/../../../../arm-none-eabi/lib/thumb/v7e-m+fp/hard\libc_nano.a(libc_a-exit.o)
                              D:/ITI_Embedded system/3- ARM/STM32CubeIDE_1.13.1/STM32CubeIDE/plugins/com.st.stm32cube.ide.mcu.externaltools.gnu-tools-for-stm32.11.3.rel1.win32_1.1.1.202309131626/tools/bin/../lib/gcc/arm-none-eabi/11.3.1/../../../../arm-none-eabi/lib/thumb/v7e-m+fp/hard/crt0.o (exit)
D:/ITI_Embedded system/3- ARM/STM32CubeIDE_1.13.1/STM32CubeIDE/plugins/com.st.stm32cube.ide.mcu.externaltools.gnu-tools-for-stm32.11.3.rel1.win32_1.1.1.202309131626/tools/bin/../lib/gcc/arm-none-eabi/11.3.1/../../../../arm-none-eabi/lib/thumb/v7e-m+fp/hard\libc_nano.a(libc_a-findfp.o)
                              D:/ITI_Embedded system/3- ARM/STM32CubeIDE_1.13.1/STM32CubeIDE/plugins/com.st.stm32cube.ide.mcu.externaltools.gnu-tools-for-stm32.11.3.rel1.win32_1.1.1.202309131626/tools/bin/../lib/gcc/arm-none-eabi/11.3.1/../../../../arm-none-eabi/lib/thumb/v7e-m+fp/hard\libc_nano.a(libc_a-exit.o) (__stdio_exit_handler)
D:/ITI_Embedded system/3- ARM/STM32CubeIDE_1.13.1/STM32CubeIDE/plugins/com.st.stm32cube.ide.mcu.externaltools.gnu-tools-for-stm32.11.3.rel1.win32_1.1.1.202309131626/tools/bin/../lib/gcc/arm-none-eabi/11.3.1/../../../../arm-none-eabi/lib/thumb/v7e-m+fp/hard\libc_nano.a(libc_a-fwalk.o)
                              D:/ITI_Embedded system/3- ARM/STM32CubeIDE_1.13.1/STM32CubeIDE/plugins/com.st.stm32cube.ide.mcu.externaltools.gnu-tools-for-stm32.11.3.rel1.win32_1.1.1.202309131626/tools/bin/../lib/gcc/arm-none-eabi/11.3.1/../../../../arm-none-eabi/lib/thumb/v7e-m+fp/hard\libc_nano.a(libc_a-findfp.o) (_fwalk_sglue)
D:/ITI_Embedded system/3- ARM/STM32CubeIDE_1.13.1/STM32CubeIDE/plugins/com.st.stm32cube.ide.mcu.externaltools.gnu-tools-for-stm32.11.3.rel1.win32_1.1.1.202309131626/tools/bin/../lib/gcc/arm-none-eabi/11.3.1/../../../../arm-none-eabi/lib/thumb/v7e-m+fp/hard\libc_nano.a(libc_a-stdio.o)
                              D:/ITI_Embedded system/3- ARM/STM32CubeIDE_1.13.1/STM32CubeIDE/plugins/com.st.stm32cube.ide.mcu.externaltools.gnu-tools-for-stm32.11.3.rel1.win32_1.1.1.202309131626/tools/bin/../lib/gcc/arm-none-eabi/11.3.1/../../../../arm-none-eabi/lib/thumb/v7e-m+fp/hard\libc_nano.a(libc_a-findfp.o) (__sread)
D:/ITI_Embedded system/3- ARM/STM32CubeIDE_1.13.1/STM32CubeIDE/plugins/com.st.stm32cube.ide.mcu.externaltools.gnu-tools-for-stm32.11.3.rel1.win32_1.1.1.202309131626/tools/bin/../lib/gcc/arm-none-eabi/11.3.1/../../../../arm-none-eabi/lib/thumb/v7e-m+fp/hard\libc_nano.a(libc_a-memset.o)
                              D:/ITI_Embedded system/3- ARM/STM32CubeIDE_1.13.1/STM32CubeIDE/plugins/com.st.stm32cube.ide.mcu.externaltools.gnu-tools-for-stm32.11.3.rel1.win32_1.1.1.202309131626/tools/bin/../lib/gcc/arm-none-eabi/11.3.1/../../../../arm-none-eabi/lib/thumb/v7e-m+fp/hard/crt0.o (memset)
D:/ITI_Embedded system/3- ARM/STM32CubeIDE_1.13.1/STM32CubeIDE/plugins/com.st.stm32cube.ide.mcu.externaltools.gnu-tools-for-stm32.11.3.rel1.win32_1.1.1.202309131626/tools/bin/../lib/gcc/arm-none-eabi/11.3.1/../../../../arm-none-eabi/lib/thumb/v7e-m+fp/hard\libc_nano.a(libc_a-closer.o)
                              D:/ITI_Embedded system/3- ARM/STM32CubeIDE_1.13.1/STM32CubeIDE/plugins/com.st.stm32cube.ide.mcu.externaltools.gnu-tools-for-stm32.11.3.rel1.win32_1.1.1.202309131626/tools/bin/../lib/gcc/arm-none-eabi/11.3.1/../../../../arm-none-eabi/lib/thumb/v7e-m+fp/hard\libc_nano.a(libc_a-stdio.o) (_close_r)
D:/ITI_Embedded system/3- ARM/STM32CubeIDE_1.13.1/STM32CubeIDE/plugins/com.st.stm32cube.ide.mcu.externaltools.gnu-tools-for-stm32.11.3.rel1.win32_1.1.1.202309131626/tools/bin/../lib/gcc/arm-none-eabi/11.3.1/../../../../arm-none-eabi/lib/thumb/v7e-m+fp/hard\libc_nano.a(libc_a-reent.o)
                              D:/ITI_Embedded system/3- ARM/STM32CubeIDE_1.13.1/STM32CubeIDE/plugins/com.st.stm32cube.ide.mcu.externaltools.gnu-tools-for-stm32.11.3.rel1.win32_1.1.1.202309131626/tools/bin/../lib/gcc/arm-none-eabi/11.3.1/../../../../arm-none-eabi/lib/thumb/v7e-m+fp/hard\libc_nano.a(libc_a-closer.o) (errno)
D:/ITI_Embedded system/3- ARM/STM32CubeIDE_1.13.1/STM32CubeIDE/plugins/com.st.stm32cube.ide.mcu.externaltools.gnu-tools-for-stm32.11.3.rel1.win32_1.1.1.202309131626/tools/bin/../lib/gcc/arm-none-eabi/11.3.1/../../../../arm-none-eabi/lib/thumb/v7e-m+fp/hard\libc_nano.a(libc_a-impure.o)
                              D:/ITI_Embedded system/3- ARM/STM32CubeIDE_1.13.1/STM32CubeIDE/plugins/com.st.stm32cube.ide.mcu.externaltools.gnu-tools-for-stm32.11.3.rel1.win32_1.1.1.202309131626/tools/bin/../lib/gcc/arm-none-eabi/11.3.1/../../../../arm-none-eabi/lib/thumb/v7e-m+fp/hard\libc_nano.a(libc_a-reent.o) (_impure_ptr)
[...]
Memory Configuration

Name             Origin             Length             Attributes
RAM              0x0000000020000000 0x0000000000010000 xrw
FLASH            0x0000000008000000 0x0000000000040000 xr
*default*        0x0000000000000000 0xffffffffffffffff

Linker script and memory map

LOAD D:/ITI_Embedded system/3- ARM/STM32CubeIDE_1.13.1/STM32CubeIDE/plugins/com.st.stm32cube.ide.mcu.externaltools.gnu-tools-for-stm32.11.3.rel1.win32_1.1.1.202309131626/tools/bin/../lib/gcc/arm-none-eabi/11.3.1/thumb/v7e-m+fp/hard/crti.o
LOAD D:/ITI_Embedded system/3- ARM/STM32CubeIDE_1.13.1/STM32CubeIDE/plugins/com.st.stm32cube.ide.mcu.externaltools.gnu-tools-for-stm32.11.3.rel1.win32_1.1.1.202309131626/tools/bin/../lib/gcc/arm-none-eabi/11.3.1/thumb/v7e-m+fp/hard/crtbegin.o
LOAD D:/ITI_Embedded system/3- ARM/STM32CubeIDE_1.13.1/STM32CubeIDE/plugins/com.st.stm32cube.ide.mcu.externaltools.gnu-tools-for-stm32.11.3.rel1.win32_1.1.1.202309131626/tools/bin/../lib/gcc/arm-none-eabi/11.3.1/../../../../arm-none-eabi/lib/thumb/v7e-m+fp/hard/crt0.o
LOAD ./Core/Src/freertos.o
LOAD ./Core/Src/main.o
LOAD ./Core/Src/stm32f4xx_hal_msp.o
LOAD ./Core/Src/stm32f4xx_hal_timebase_tim.o
LOAD ./Core/Src/stm32f4xx_it.o
LOAD ./Core/Src/syscalls.o
LOAD ./Core/Src/sysmem.o
LOAD ./Core/Src/system_stm32f4xx.o
LOAD ./Core/Startup/startup_stm32f401ccux.o
LOAD ./Drivers/STM32F4xx_HAL_Driver/Src/stm32f4xx_hal.o
LOAD ./Drivers/STM32F4xx_HAL_Driver/Src/stm32f4xx_hal_cortex.o
LOAD ./Drivers/STM32F4xx_HAL_Driver/Src/stm32f4xx_hal_dma.o
LOAD ./Drivers/STM32F4xx_HAL_Driver/Src/stm32f4xx_hal_dma_ex.o
LOAD ./Drivers/STM32F4xx_HAL_Driver/Src/stm32f4xx_hal_exti.o
LOAD ./Drivers/STM32F4xx_HAL_Driver/Src/stm32f4xx_hal_flash.o
LOAD ./Drivers/STM32F4xx_HAL_Driver/Src/stm32f4xx_hal_flash_ex.o
LOAD ./Drivers/STM32F4xx_HAL_Driver/Src/stm32f4xx_hal_flash_ramfunc.o
LOAD ./Drivers/STM32F4xx_HAL_Driver/Src/stm32f4xx_hal_gpio.o
LOAD ./Drivers/STM32F4xx_HAL_Driver/Src/stm32f4xx_hal_pwr.o
LOAD ./Drivers/STM32F4xx_HAL_Driver/Src/stm32f4xx_hal_pwr_ex.o
LOAD ./Drivers/STM32F4xx_HAL_Driver/Src/stm32f4xx_hal_rcc.o
LOAD ./Drivers/STM32F4xx_HAL_Driver/Src/stm32f4xx_hal_rcc_ex.o
LOAD ./Drivers/STM32F4xx_HAL_Driver/Src/stm32f4xx_hal_spi.o
LOAD ./Drivers/STM32F4xx_HAL_Driver/Src/stm32f4xx_hal_tim.o
LOAD ./Drivers/STM32F4xx_HAL_Driver/Src/stm32f4xx_hal_tim_ex.o
LOAD ./Middlewares/Third_Party/FreeRTOS/Source/CMSIS_RTOS/cmsis_os.o
LOAD ./Middlewares/Third_Party/FreeRTOS/Source/croutine.o
LOAD ./Middlewares/Third_Party/FreeRTOS/Source/event_groups.o
LOAD ./Middlewares/Third_Party/FreeRTOS/Source/list.o
LOAD ./Middlewares/Third_Party/FreeRTOS/Source/queue.o
LOAD ./Middlewares/Third_Party/FreeRTOS/Source/stream_buffer.o
LOAD ./Middlewares/Third_Party/FreeRTOS/Source/tasks.o
LOAD ./Middlewares/Third_Party/FreeRTOS/Source/timers.o
LOAD ./Middlewares/Third_Party/FreeRTOS/Source/portable/GCC/ARM_CM4F/port.o
LOAD ./Middlewares/Third_Party/FreeRTOS/Source/portable/MemMang/heap_4.o
START GROUP
LOAD D:/ITI_Embedded system/3- ARM/STM32CubeIDE_1.13.1/STM32CubeIDE/plugins/com.st.stm32cube.ide.mcu.externaltools.gnu-tools-for-stm32.11.3.rel1.win32_1.1.1.202309131626/tools/bin/../lib/gcc/arm-none-eabi/11.3.1/../../../../arm-none-eabi/lib/thumb/v7e-m+fp/hard\libc_nano.a
LOAD D:/ITI_Embedded system/3- ARM/STM32CubeIDE_1.13.1/STM32CubeIDE/plugins/com.st.stm32cube.ide.mcu.externaltools.gnu-tools-for-stm32.11.3.rel1.win32_1.1.1.202309131626/tools/bin/../lib/gcc/arm-none-eabi/11.3.1/../../../../arm-none-eabi/lib/thumb/v7e-m+fp/hard\libm.a
END GROUP
START GROUP
LOAD D:/ITI_Embedded system/3- ARM/STM32CubeIDE_1.13.1/STM32CubeIDE/plugins/com.st.stm32cube.ide.mcu.externaltools.gnu-tools-for-stm32.11.3.rel1.win32_1.1.1.202309131626/tools/bin/../lib/gcc/arm-none-eabi/11.3.1/thumb/v7e-m+fp/hard\libgcc.a
LOAD D:/ITI_Embedded system/3- ARM/STM32CubeIDE_1.13.1/STM32CubeIDE/plugins/com.st.stm32cube.ide.mcu.externaltools.gnu-tools-for-stm32.11.3.rel1.win32_1.1.1.202309131626/tools/bin/../lib/gcc/arm-none-eabi/11.3.1/../../../../arm-none-eabi/lib/thumb/v7e-m+fp/hard\libc_nano.a
END GROUP
START GROUP
LOAD D:/ITI_Embedded system/3- ARM/STM32CubeIDE_1.13.1/STM32CubeIDE/plugins/com.st.stm32cube.ide.mcu.externaltools.gnu-tools-for-stm32.11.3.rel1.win32_1.1.1.202309131626/tools/bin/../lib/gcc/arm-none-eabi/11.3.1/thumb/v7e-m+fp/hard\libgcc.a
LOAD D:/ITI_Embedded system/3- ARM/STM32CubeIDE_1.13.1/STM32CubeIDE/plugins/com.st.stm32cube.ide.mcu.externaltools.gnu-tools-for-stm32.11.3.rel1.win32_1.1.1.202309131626/tools/bin/../lib/gcc/arm-none-eabi/11.3.1/../../../../arm-none-eabi/lib/thumb/v7e-m+fp/hard\libc_nano.a
LOAD D:/ITI_Embedded system/3- ARM/STM32CubeIDE_1.13.1/STM32CubeIDE/plugins/com.st.stm32cube.ide.mcu.externaltools.gnu-tools-for-stm32.11.3.rel1.win32_1.1.1.202309131626/tools/bin/../lib/gcc/arm-none-eabi/11.3.1/../../../../arm-none-eabi/lib/thumb/v7e-m+fp/hard\libnosys.a
END GROUP
START GROUP
LOAD D:/ITI_Embedded system/3- ARM/STM32CubeIDE_1.13.1/STM32CubeIDE/plugins/com.st.stm32cube.ide.mcu.externaltools.gnu-tools-for-stm32.11.3.rel1.win32_1.1.1.202309131626/tools/bin/../lib/gcc/arm-none-eabi/11.3.1/thumb/v7e-m+fp/hard\libgcc.a
LOAD D:/ITI_Embedded system/3- ARM/STM32CubeIDE_1.13.1/STM32CubeIDE/plugins/com.st.stm32cube.ide.mcu.externaltools.gnu-tools-for-stm32.11.3.rel1.win32_1.1.1.202309131626/tools/bin/../lib/gcc/arm-none-eabi/11.3.1/../../../../arm-none-eabi/lib/thumb/v7e-m+fp/hard\libc_nano.a
LOAD D:/ITI_Embedded system/3- ARM/STM32CubeIDE_1.13.1/STM32CubeIDE/plugins/com.st.stm32cube.ide.mcu.externaltools.gnu-tools-for-stm32.11.3.rel1.win32_1.1.1.202309131626/tools/bin/../lib/gcc/arm-none-eabi/11.3.1/../../../../arm-none-eabi/lib/thumb/v7e-m+fp/hard\libnosys.a
END GROUP
LOAD D:/ITI_Embedded system/3- ARM/STM32CubeIDE_1.13.1/STM32CubeIDE/plugins/com.st.stm32cube.ide.mcu.externaltools.gnu-tools-for-stm32.11.3.rel1.win32_1.1.1.202309131626/tools/bin/../lib/gcc/arm-none-eabi/11.3.1/thumb/v7e-m+fp/hard/crtend.o
LOAD D:/ITI_Embedded system/3- ARM/STM32CubeIDE_1.13.1/STM32CubeIDE/plugins/com.st.stm32cube.ide.mcu.externaltools.gnu-tools-for-stm32.11.3.rel1.win32_1.1.1.202309131626/tools/bin/../lib/gcc/arm-none-eabi/11.3.1/thumb/v7e-m+fp/hard/crtn.o
                0x0000000020010000                _estack = (ORIGIN (RAM) + LENGTH (RAM))
                0x0000000000000200                _Min_Heap_Size = 0x200
                0x0000000000000400                _Min_Stack_Size = 0x400

.isr_vector     0x0000000008000000      0x194
                0x0000000008000000                . = ALIGN (0x4)
 *(.isr_vector)
 .isr_vector    0x0000000008000000      0x194 ./Core/Startup/startup_stm32f401ccux.o
                0x0000000008000000                g_pfnVectors
                0x0000000008000194                . = ALIGN (0x4)

.text           0x00000000080001a0     0x448c
                0x00000000080001a0                . = ALIGN (0x4)
 *(.text)
 .text          0x00000000080001a0       0x40 D:/ITI_Embedded system/3- ARM/STM32CubeIDE_1.13.1/STM32CubeIDE/plugins/com.st.stm32cube.ide.mcu.externaltools.gnu-tools-for-stm32.11.3.rel1.win32_1.1.1.202309131626/tools/bin/../lib/gcc/arm-none-eabi/11.3.1/thumb/v7e-m+fp/hard/crtbegin.o
 .text          0x00000000080001e0       0x30 D:/ITI_Embedded system/3- ARM/STM32CubeIDE_1.13.1/STM32CubeIDE/plugins/com.st.stm32cube.ide.mcu.externaltools.gnu-tools-for-stm32.11.3.rel1.win32_1.1.1.202309131626/tools/bin/../lib/gcc/arm-none-eabi/11.3.1/thumb/v7e-m+fp/hard\libgcc.a(_aeabi_uldivmod.o)
                0x00000000080001e0                __aeabi_uldivmod
 .text          0x0000000008000210      0x2c8 D:/ITI_Embedded system/3- ARM/STM32CubeIDE_1.13.1/STM32CubeIDE/plugins/com.st.stm32cube.ide.mcu.externaltools.gnu-tools-for-stm32.11.3.rel1.win32_1.1.1.202309131626/tools/bin/../lib/gcc/arm-none-eabi/11.3.1/thumb/v7e-m+fp/hard\libgcc.a(_udivmoddi4.o)
                0x0000000008000210                __udivmoddi4
 .text          0x00000000080004d8        0x4 D:/ITI_Embedded system/3- ARM/STM32CubeIDE_1.13.1/STM32CubeIDE/plugins/com.st.stm32cube.ide.mcu.externaltools.gnu-tools-for-stm32.11.3.rel1.win32_1.1.1.202309131626/tools/bin/../lib/gcc/arm-none-eabi/11.3.1/thumb/v7e-m+fp/hard\libgcc.a(_dvmd_tls.o)
                0x00000000080004d8                __aeabi_idiv0
                0x00000000080004d8                __aeabi_ldiv0
 *(.text*)
 .text.vApplicationGetIdleTaskMemory
                0x00000000080004dc       0x34 ./Core/Src/freertos.o
                0x00000000080004dc                vApplicationGetIdleTaskMemory
 .text.HAL_TIM_IC_CaptureCallback
                0x0000000008000510      0x1fc ./Core/Src/main.o
                0x0000000008000510                HAL_TIM_IC_CaptureCallback
 .text.main     0x000000000800070c       0xe0 ./Core/Src/main.o
                0x000000000800070c                main
 .text.SystemClock_Config
                0x00000000080007ec       0xc4 ./Core/Src/main.o
                0x00000000080007ec                SystemClock_Config
 .text.MX_SPI1_Init
                0x00000000080008b0       0x6c ./Core/Src/main.o
 .text.MX_TIM2_Init
                0x000000000800091c       0xe0 ./Core/Src/main.o
 .text.MX_TIM5_Init
                0x00000000080009fc       0xe0 ./Core/Src/main.o
 .text.MX_GPIO_Init
                0x0000000008000adc       0xb0 ./Core/Src/main.o
 .text.EnableUltrasonic_1_TimerInterrutp
                0x0000000008000b8c       0x18 ./Core/Src/main.o
                0x0000000008000b8c                EnableUltrasonic_1_TimerInterrutp
 .text.EnableUltrasonic_2_TimerInterrutp
                0x0000000008000ba4       0x18 ./Core/Src/main.o
                0x0000000008000ba4                EnableUltrasonic_2_TimerInterrutp
 .text.UltrasonicTask_init
                0x0000000008000bbc       0x3c ./Core/Src/main.o
                0x0000000008000bbc                UltrasonicTask_init
 .text.Task2_init
                0x0000000008000bf8       0x3c ./Core/Src/main.o
                0x0000000008000bf8                Task2_init
 .text.UltraSonic2
                0x0000000008000c34       0x40 ./Core/Src/main.o
                0x0000000008000c34                UltraSonic2
 .text.StartTask04
                0x0000000008000c74       0x38 ./Core/Src/main.o
                0x0000000008000c74                StartTask04
 .text.HAL_TIM_PeriodElapsedCallback
                0x0000000008000cac       0x24 ./Core/Src/main.o
                0x0000000008000cac                HAL_TIM_PeriodElapsedCallback
 .text.Error_Handler
                0x0000000008000cd0        0xa ./Core/Src/main.o
                0x0000000008000cd0                Error_Handler
 *fill*         0x0000000008000cda        0x2 
 .text.HAL_MspInit
                0x0000000008000cdc       0x58 ./Core/Src/stm32f4xx_hal_msp.o
                0x0000000008000cdc                HAL_MspInit
 .text.HAL_SPI_MspInit
                0x0000000008000d34       0x90 ./Core/Src/stm32f4xx_hal_msp.o
                0x0000000008000d34                HAL_SPI_MspInit
 .text.HAL_TIM_Base_MspInit
                0x0000000008000dc4      0x114 ./Core/Src/stm32f4xx_hal_msp.o
                0x0000000008000dc4                HAL_TIM_Base_MspInit
 .text.HAL_InitTick
                0x0000000008000ed8       0xe4 ./Core/Src/stm32f4xx_hal_timebase_tim.o
                0x0000000008000ed8                HAL_InitTick
 .text.NMI_Handler
                0x0000000008000fbc        0x6 ./Core/Src/stm32f4xx_it.o
                0x0000000008000fbc                NMI_Handler
 .text.HardFault_Handler
                0x0000000008000fc2        0x6 ./Core/Src/stm32f4xx_it.o
                0x0000000008000fc2                HardFault_Handler
 .text.MemManage_Handler
                0x0000000008000fc8        0x6 ./Core/Src/stm32f4xx_it.o
                0x0000000008000fc8                MemManage_Handler
 .text.BusFault_Handler
                0x0000000008000fce        0x6 ./Core/Src/stm32f4xx_it.o
                0x0000000008000fce                BusFault_Handler
 .text.UsageFault_Handler
                0x0000000008000fd4        0x6 ./Core/Src/stm32f4xx_it.o
                0x0000000008000fd4                UsageFault_Handler
 .text.DebugMon_Handler
                0x0000000008000fda        0xe ./Core/Src/stm32f4xx_it.o
                0x0000000008000fda                DebugMon_Handler
 .text.TIM1_UP_TIM10_IRQHandler
                0x0000000008000fe8       0x14 ./Core/Src/stm32f4xx_it.o
                0x0000000008000fe8                TIM1_UP_TIM10_IRQHandler
 .text.TIM2_IRQHandler
                0x0000000008000ffc       0x14 ./Core/Src/stm32f4xx_it.o
                0x0000000008000ffc                TIM2_IRQHandler
 .text.TIM5_IRQHandler
                0x0000000008001010       0x14 ./Core/Src/stm32f4xx_it.o
                0x0000000008001010                TIM5_IRQHandler
 .text.SystemInit
                0x0000000008001024       0x24 ./Core/Src/system_stm32f4xx.o
                0x0000000008001024                SystemInit
 .text.Reset_Handler
                0x0000000008001048       0x50 ./Core/Startup/startup_stm32f401ccux.o
                0x0000000008001048                Reset_Handler
 .text.Default_Handler
                0x0000000008001098        0x2 ./Core/Startup/startup_stm32f401ccux.o
                0x0000000008001098                RTC_Alarm_IRQHandler
                0x0000000008001098                EXTI2_IRQHandler
                0x0000000008001098                SPI4_IRQHandler
                0x0000000008001098                TIM1_CC_IRQHandler
                0x0000000008001098                DMA2_Stream5_IRQHandler
                0x0000000008001098                DMA1_Stream5_IRQHandler
                0x0000000008001098                PVD_IRQHandler
                0x0000000008001098                SDIO_IRQHandler
                0x0000000008001098                TAMP_STAMP_IRQHandler
                0x0000000008001098                EXTI3_IRQHandler
                0x0000000008001098                I2C3_ER_IRQHandler
                0x0000000008001098                EXTI0_IRQHandler
                0x0000000008001098                I2C2_EV_IRQHandler
                0x0000000008001098                DMA1_Stream2_IRQHandler
                0x0000000008001098                FPU_IRQHandler
                0x0000000008001098                DMA2_Stream2_IRQHandler
                0x0000000008001098                SPI1_IRQHandler
                0x0000000008001098                TIM1_BRK_TIM9_IRQHandler
                0x0000000008001098                DMA2_Stream3_IRQHandler
                0x0000000008001098                USART6_IRQHandler
                0x0000000008001098                DMA2_Stream0_IRQHandler
                0x0000000008001098                TIM4_IRQHandler
                0x0000000008001098                I2C1_EV_IRQHandler
                0x0000000008001098                DMA1_Stream6_IRQHandler
                0x0000000008001098                DMA1_Stream1_IRQHandler
                0x0000000008001098                TIM3_IRQHandler
                0x0000000008001098                RCC_IRQHandler
                0x0000000008001098                Default_Handler
                0x0000000008001098                EXTI15_10_IRQHandler
                0x0000000008001098                ADC_IRQHandler
                0x0000000008001098                DMA1_Stream7_IRQHandler
                0x0000000008001098                DMA2_Stream7_IRQHandler
                0x0000000008001098                I2C3_EV_IRQHandler
                0x0000000008001098                EXTI9_5_IRQHandler
                0x0000000008001098                RTC_WKUP_IRQHandler
                0x0000000008001098                SPI2_IRQHandler
                0x0000000008001098                DMA1_Stream0_IRQHandler
                0x0000000008001098                EXTI4_IRQHandler
                0x0000000008001098                WWDG_IRQHandler
                0x0000000008001098                OTG_FS_WKUP_IRQHandler
                0x0000000008001098                TIM1_TRG_COM_TIM11_IRQHandler
                0x0000000008001098                EXTI1_IRQHandler
                0x0000000008001098                USART2_IRQHandler
                0x0000000008001098                I2C2_ER_IRQHandler
                0x0000000008001098                DMA2_Stream1_IRQHandler
                0x0000000008001098                FLASH_IRQHandler
                0x0000000008001098                DMA2_Stream4_IRQHandler
                0x0000000008001098                USART1_IRQHandler
                0x0000000008001098                OTG_FS_IRQHandler
                0x0000000008001098                SPI3_IRQHandler
                0x0000000008001098                DMA1_Stream4_IRQHandler
                0x0000000008001098                I2C1_ER_IRQHandler
                0x0000000008001098                DMA2_Stream6_IRQHandler
                0x0000000008001098                DMA1_Stream3_IRQHandler
 *fill*         0x000000000800109a        0x2 
 .text.HAL_Init
                0x000000000800109c       0x44 ./Drivers/STM32F4xx_HAL_Driver/Src/stm32f4xx_hal.o
                0x000000000800109c                HAL_Init
 .text.HAL_IncTick
                0x00000000080010e0       0x28 ./Drivers/STM32F4xx_HAL_Driver/Src/stm32f4xx_hal.o
                0x00000000080010e0                HAL_IncTick
 .text.HAL_GetTick
                0x0000000008001108       0x18 ./Drivers/STM32F4xx_HAL_Driver/Src/stm32f4xx_hal.o
                0x0000000008001108                HAL_GetTick
 .text.__NVIC_SetPriorityGrouping
                0x0000000008001120       0x48 ./Drivers/STM32F4xx_HAL_Driver/Src/stm32f4xx_hal_cortex.o
 .text.__NVIC_GetPriorityGrouping
                0x0000000008001168       0x1c ./Drivers/STM32F4xx_HAL_Driver/Src/stm32f4xx_hal_cortex.o
 .text.__NVIC_EnableIRQ
                0x0000000008001184       0x3c ./Drivers/STM32F4xx_HAL_Driver/Src/stm32f4xx_hal_cortex.o
 .text.__NVIC_SetPriority
                0x00000000080011c0       0x54 ./Drivers/STM32F4xx_HAL_Driver/Src/stm32f4xx_hal_cortex.o
 .text.NVIC_EncodePriority
                0x0000000008001214       0x66 ./Drivers/STM32F4xx_HAL_Driver/Src/stm32f4xx_hal_cortex.o
 .text.HAL_NVIC_SetPriorityGrouping
                0x000000000800127a       0x16 ./Drivers/STM32F4xx_HAL_Driver/Src/stm32f4xx_hal_cortex.o
                0x000000000800127a                HAL_NVIC_SetPriorityGrouping
 .text.HAL_NVIC_SetPriority
                0x0000000008001290       0x38 ./Drivers/STM32F4xx_HAL_Driver/Src/stm32f4xx_hal_cortex.o
                0x0000000008001290                HAL_NVIC_SetPriority
 .text.HAL_NVIC_EnableIRQ
                0x00000000080012c8       0x1c ./Drivers/STM32F4xx_HAL_Driver/Src/stm32f4xx_hal_cortex.o
                0x00000000080012c8                HAL_NVIC_EnableIRQ
 .text.HAL_GPIO_Init
                0x00000000080012e4      0x308 ./Drivers/STM32F4xx_HAL_Driver/Src/stm32f4xx_hal_gpio.o
                0x00000000080012e4                HAL_GPIO_Init
 .text.HAL_GPIO_WritePin
                0x00000000080015ec       0x32 ./Drivers/STM32F4xx_HAL_Driver/Src/stm32f4xx_hal_gpio.o
                0x00000000080015ec                HAL_GPIO_WritePin
 *fill*         0x000000000800161e        0x2 
 .text.HAL_RCC_OscConfig
                0x0000000008001620      0x4f0 ./Drivers/STM32F4xx_HAL_Driver/Src/stm32f4xx_hal_rcc.o
                0x0000000008001620                HAL_RCC_OscConfig
 .text.HAL_RCC_ClockConfig
                0x0000000008001b10      0x1cc ./Drivers/STM32F4xx_HAL_Driver/Src/stm32f4xx_hal_rcc.o
                0x0000000008001b10                HAL_RCC_ClockConfig
 .text.HAL_RCC_GetSysClockFreq
                0x0000000008001cdc      0x18c ./Drivers/STM32F4xx_HAL_Driver/Src/stm32f4xx_hal_rcc.o
                0x0000000008001cdc                HAL_RCC_GetSysClockFreq
 .text.HAL_RCC_GetHCLKFreq
                0x0000000008001e68       0x18 ./Drivers/STM32F4xx_HAL_Driver/Src/stm32f4xx_hal_rcc.o
                0x0000000008001e68                HAL_RCC_GetHCLKFreq
 .text.HAL_RCC_GetPCLK2Freq
                0x0000000008001e80       0x28 ./Drivers/STM32F4xx_HAL_Driver/Src/stm32f4xx_hal_rcc.o
                0x0000000008001e80                HAL_RCC_GetPCLK2Freq
 .text.HAL_RCC_GetClockConfig
                0x0000000008001ea8       0x64 ./Drivers/STM32F4xx_HAL_Driver/Src/stm32f4xx_hal_rcc.o
                0x0000000008001ea8                HAL_RCC_GetClockConfig
 .text.HAL_SPI_Init
                0x0000000008001f0c      0x112 ./Drivers/STM32F4xx_HAL_Driver/Src/stm32f4xx_hal_spi.o
                0x0000000008001f0c                HAL_SPI_Init
 .text.HAL_TIM_Base_Init
                0x000000000800201e       0x9e ./Drivers/STM32F4xx_HAL_Driver/Src/stm32f4xx_hal_tim.o
                0x000000000800201e                HAL_TIM_Base_Init
 .text.HAL_TIM_Base_Start_IT
                0x00000000080020bc       0xc4 ./Drivers/STM32F4xx_HAL_Driver/Src/stm32f4xx_hal_tim.o
                0x00000000080020bc                HAL_TIM_Base_Start_IT
 .text.HAL_TIM_IC_Init
                0x0000000008002180       0x9e ./Drivers/STM32F4xx_HAL_Driver/Src/stm32f4xx_hal_tim.o
                0x0000000008002180                HAL_TIM_IC_Init
 .text.HAL_TIM_IC_MspInit
                0x000000000800221e       0x14 ./Drivers/STM32F4xx_HAL_Driver/Src/stm32f4xx_hal_tim.o
                0x000000000800221e                HAL_TIM_IC_MspInit
 *fill*         0x0000000008002232        0x2 
 .text.HAL_TIM_IC_Start_IT
                0x0000000008002234      0x234 ./Drivers/STM32F4xx_HAL_Driver/Src/stm32f4xx_hal_tim.o
                0x0000000008002234                HAL_TIM_IC_Start_IT
 .text.HAL_TIM_IC_Stop_IT
                0x0000000008002468      0x15c ./Drivers/STM32F4xx_HAL_Driver/Src/stm32f4xx_hal_tim.o
                0x0000000008002468                HAL_TIM_IC_Stop_IT
 .text.HAL_TIM_IRQHandler
                0x00000000080025c4      0x210 ./Drivers/STM32F4xx_HAL_Driver/Src/stm32f4xx_hal_tim.o
                0x00000000080025c4                HAL_TIM_IRQHandler
 .text.HAL_TIM_IC_ConfigChannel
                0x00000000080027d4      0x138 ./Drivers/STM32F4xx_HAL_Driver/Src/stm32f4xx_hal_tim.o
                0x00000000080027d4                HAL_TIM_IC_ConfigChannel
 .text.HAL_TIM_ConfigClockSource
                0x000000000800290c      0x18e ./Drivers/STM32F4xx_HAL_Driver/Src/stm32f4xx_hal_tim.o
                0x000000000800290c                HAL_TIM_ConfigClockSource
 *fill*         0x0000000008002a9a        0x2 
 .text.HAL_TIM_ReadCapturedValue
                0x0000000008002a9c       0x88 ./Drivers/STM32F4xx_HAL_Driver/Src/stm32f4xx_hal_tim.o
                0x0000000008002a9c                HAL_TIM_ReadCapturedValue
 .text.HAL_TIM_OC_DelayElapsedCallback
                0x0000000008002b24       0x14 ./Drivers/STM32F4xx_HAL_Driver/Src/stm32f4xx_hal_tim.o
                0x0000000008002b24                HAL_TIM_OC_DelayElapsedCallback
 .text.HAL_TIM_PWM_PulseFinishedCallback
                0x0000000008002b38       0x14 ./Drivers/STM32F4xx_HAL_Driver/Src/stm32f4xx_hal_tim.o
                0x0000000008002b38                HAL_TIM_PWM_PulseFinishedCallback
 .text.HAL_TIM_TriggerCallback
                0x0000000008002b4c       0x14 ./Drivers/STM32F4xx_HAL_Driver/Src/stm32f4xx_hal_tim.o
                0x0000000008002b4c                HAL_TIM_TriggerCallback
 .text.TIM_Base_SetConfig
                0x0000000008002b60      0x100 ./Drivers/STM32F4xx_HAL_Driver/Src/stm32f4xx_hal_tim.o
                0x0000000008002b60                TIM_Base_SetConfig
 .text.TIM_TI1_SetConfig
                0x0000000008002c60       0xd0 ./Drivers/STM32F4xx_HAL_Driver/Src/stm32f4xx_hal_tim.o
                0x0000000008002c60                TIM_TI1_SetConfig
 .text.TIM_TI1_ConfigInputStage
                0x0000000008002d30       0x5e ./Drivers/STM32F4xx_HAL_Driver/Src/stm32f4xx_hal_tim.o
 .text.TIM_TI2_SetConfig
                0x0000000008002d8e       0x7a ./Drivers/STM32F4xx_HAL_Driver/Src/stm32f4xx_hal_tim.o
 .text.TIM_TI2_ConfigInputStage
                0x0000000008002e08       0x60 ./Drivers/STM32F4xx_HAL_Driver/Src/stm32f4xx_hal_tim.o
 .text.TIM_TI3_SetConfig
                0x0000000008002e68       0x78 ./Drivers/STM32F4xx_HAL_Driver/Src/stm32f4xx_hal_tim.o
 .text.TIM_TI4_SetConfig
                0x0000000008002ee0       0x7a ./Drivers/STM32F4xx_HAL_Driver/Src/stm32f4xx_hal_tim.o
 .text.TIM_ITRx_SetConfig
                0x0000000008002f5a       0x36 ./Drivers/STM32F4xx_HAL_Driver/Src/stm32f4xx_hal_tim.o
 .text.TIM_ETR_SetConfig
                0x0000000008002f90       0x40 ./Drivers/STM32F4xx_HAL_Driver/Src/stm32f4xx_hal_tim.o
                0x0000000008002f90                TIM_ETR_SetConfig
 .text.TIM_CCxChannelCmd
                0x0000000008002fd0       0x4a ./Drivers/STM32F4xx_HAL_Driver/Src/stm32f4xx_hal_tim.o
                0x0000000008002fd0                TIM_CCxChannelCmd
 *fill*         0x000000000800301a        0x2 
 .text.HAL_TIMEx_MasterConfigSynchronization
                0x000000000800301c       0xdc ./Drivers/STM32F4xx_HAL_Driver/Src/stm32f4xx_hal_tim_ex.o
                0x000000000800301c                HAL_TIMEx_MasterConfigSynchronization
 .text.HAL_TIMEx_CommutCallback
                0x00000000080030f8       0x14 ./Drivers/STM32F4xx_HAL_Driver/Src/stm32f4xx_hal_tim_ex.o
                0x00000000080030f8                HAL_TIMEx_CommutCallback
 .text.HAL_TIMEx_BreakCallback
                0x000000000800310c       0x14 ./Drivers/STM32F4xx_HAL_Driver/Src/stm32f4xx_hal_tim_ex.o
                0x000000000800310c                HAL_TIMEx_BreakCallback
 .text.makeFreeRtosPriority
                0x0000000008003120       0x30 ./Middlewares/Third_Party/FreeRTOS/Source/CMSIS_RTOS/cmsis_os.o
 .text.osKernelStart
                0x0000000008003150        0xe ./Middlewares/Third_Party/FreeRTOS/Source/CMSIS_RTOS/cmsis_os.o
                0x0000000008003150                osKernelStart
 .text.osThreadCreate
                0x000000000800315e       0x98 ./Middlewares/Third_Party/FreeRTOS/Source/CMSIS_RTOS/cmsis_os.o
                0x000000000800315e                osThreadCreate
 .text.osDelay  0x00000000080031f6       0x28 ./Middlewares/Third_Party/FreeRTOS/Source/CMSIS_RTOS/cmsis_os.o
                0x00000000080031f6                osDelay
 .text.vListInitialise
                0x000000000800321e       0x40 ./Middlewares/Third_Party/FreeRTOS/Source/list.o
                0x000000000800321e                vListInitialise
 .text.vListInitialiseItem
                0x000000000800325e       0x1a ./Middlewares/Third_Party/FreeRTOS/Source/list.o
                0x000000000800325e                vListInitialiseItem
 .text.vListInsertEnd
                0x0000000008003278       0x48 ./Middlewares/Third_Party/FreeRTOS/Source/list.o
                0x0000000008003278                vListInsertEnd
 .text.vListInsert
                0x00000000080032c0       0x72 ./Middlewares/Third_Party/FreeRTOS/Source/list.o
                0x00000000080032c0                vListInsert
 .text.uxListRemove
                0x0000000008003332       0x54 ./Middlewares/Third_Party/FreeRTOS/Source/list.o
                0x0000000008003332                uxListRemove
 .text.xTaskCreateStatic
                0x0000000008003386       0xba ./Middlewares/Third_Party/FreeRTOS/Source/tasks.o
                0x0000000008003386                xTaskCreateStatic
 .text.xTaskCreate
                0x0000000008003440       0x8a ./Middlewares/Third_Party/FreeRTOS/Source/tasks.o
                0x0000000008003440                xTaskCreate
 .text.prvInitialiseNewTask
                0x00000000080034ca      0x10e ./Middlewares/Third_Party/FreeRTOS/Source/tasks.o
 .text.prvAddNewTaskToReadyList
                0x00000000080035d8       0xd4 ./Middlewares/Third_Party/FreeRTOS/Source/tasks.o
 .text.vTaskDelay
                0x00000000080036ac       0x68 ./Middlewares/Third_Party/FreeRTOS/Source/tasks.o
                0x00000000080036ac                vTaskDelay
 .text.vTaskStartScheduler
                0x0000000008003714       0xc0 ./Middlewares/Third_Party/FreeRTOS/Source/tasks.o
                0x0000000008003714                vTaskStartScheduler
 .text.vTaskSuspendAll
                0x00000000080037d4       0x1c ./Middlewares/Third_Party/FreeRTOS/Source/tasks.o
                0x00000000080037d4                vTaskSuspendAll
 .text.xTaskResumeAll
                0x00000000080037f0      0x138 ./Middlewares/Third_Party/FreeRTOS/Source/tasks.o
                0x00000000080037f0                xTaskResumeAll
 .text.xTaskIncrementTick
                0x0000000008003928      0x170 ./Middlewares/Third_Party/FreeRTOS/Source/tasks.o
                0x0000000008003928                xTaskIncrementTick
 .text.vTaskSwitchContext
                0x0000000008003a98       0xb8 ./Middlewares/Third_Party/FreeRTOS/Source/tasks.o
                0x0000000008003a98                vTaskSwitchContext
 .text.prvIdleTask
                0x0000000008003b50       0x30 ./Middlewares/Third_Party/FreeRTOS/Source/tasks.o
 .text.prvInitialiseTaskLists
                0x0000000008003b80       0x80 ./Middlewares/Third_Party/FreeRTOS/Source/tasks.o
 .text.prvCheckTasksWaitingTermination
                0x0000000008003c00       0x5c ./Middlewares/Third_Party/FreeRTOS/Source/tasks.o
 .text.prvDeleteTCB
                0x0000000008003c5c       0x5e ./Middlewares/Third_Party/FreeRTOS/Source/tasks.o
 *fill*         0x0000000008003cba        0x2 
 .text.prvResetNextTaskUnblockTime
                0x0000000008003cbc       0x40 ./Middlewares/Third_Party/FreeRTOS/Source/tasks.o
 .text.prvAddCurrentTaskToDelayedList
                0x0000000008003cfc       0xcc ./Middlewares/Third_Party/FreeRTOS/Source/tasks.o
 .text.pxPortInitialiseStack
                0x0000000008003dc8       0x68 ./Middlewares/Third_Party/FreeRTOS/Source/portable/GCC/ARM_CM4F/port.o
                0x0000000008003dc8                pxPortInitialiseStack
 .text.prvTaskExitError
                0x0000000008003e30       0x58 ./Middlewares/Third_Party/FreeRTOS/Source/portable/GCC/ARM_CM4F/port.o
 *fill*         0x0000000008003e88        0x8 
 .text.SVC_Handler
                0x0000000008003e90       0x28 ./Middlewares/Third_Party/FreeRTOS/Source/portable/GCC/ARM_CM4F/port.o
                0x0000000008003e90                SVC_Handler
 .text.prvPortStartFirstTask
                0x0000000008003eb8       0x28 ./Middlewares/Third_Party/FreeRTOS/Source/portable/GCC/ARM_CM4F/port.o
 .text.xPortStartScheduler
                0x0000000008003ee0      0x144 ./Middlewares/Third_Party/FreeRTOS/Source/portable/GCC/ARM_CM4F/port.o
                0x0000000008003ee0                xPortStartScheduler
 .text.vPortEnterCritical
                0x0000000008004024       0x60 ./Middlewares/Third_Party/FreeRTOS/Source/portable/GCC/ARM_CM4F/port.o
                0x0000000008004024                vPortEnterCritical
 .text.vPortExitCritical
                0x0000000008004084       0x54 ./Middlewares/Third_Party/FreeRTOS/Source/portable/GCC/ARM_CM4F/port.o
                0x0000000008004084                vPortExitCritical
 *fill*         0x00000000080040d8        0x8 
 .text.PendSV_Handler
                0x00000000080040e0       0x68 ./Middlewares/Third_Party/FreeRTOS/Source/portable/GCC/ARM_CM4F/port.o
                0x00000000080040e0                PendSV_Handler
 .text.SysTick_Handler
                0x0000000008004148       0x44 ./Middlewares/Third_Party/FreeRTOS/Source/portable/GCC/ARM_CM4F/port.o
                0x0000000008004148                SysTick_Handler
 .text.vPortSetupTimerInterrupt
                0x000000000800418c       0x48 ./Middlewares/Third_Party/FreeRTOS/Source/portable/GCC/ARM_CM4F/port.o
                0x000000000800418c                vPortSetupTimerInterrupt
 .text.vPortEnableVFP
                0x00000000080041d4       0x14 ./Middlewares/Third_Party/FreeRTOS/Source/portable/GCC/ARM_CM4F/port.o
 .text.pvPortMalloc
                0x00000000080041e8      0x198 ./Middlewares/Third_Party/FreeRTOS/Source/portable/MemMang/heap_4.o
                0x00000000080041e8                pvPortMalloc
 .text.vPortFree
                0x0000000008004380       0xc4 ./Middlewares/Third_Party/FreeRTOS/Source/portable/MemMang/heap_4.o
                0x0000000008004380                vPortFree
 .text.prvHeapInit
                0x0000000008004444       0xc4 ./Middlewares/Third_Party/FreeRTOS/Source/portable/MemMang/heap_4.o
 .text.prvInsertBlockIntoFreeList
                0x0000000008004508       0xb4 ./Middlewares/Third_Party/FreeRTOS/Source/portable/MemMang/heap_4.o
 .text.memset   0x00000000080045bc       0x10 D:/ITI_Embedded system/3- ARM/STM32CubeIDE_1.13.1/STM32CubeIDE/plugins/com.st.stm32cube.ide.mcu.externaltools.gnu-tools-for-stm32.11.3.rel1.win32_1.1.1.202309131626/tools/bin/../lib/gcc/arm-none-eabi/11.3.1/../../../../arm-none-eabi/lib/thumb/v7e-m+fp/hard\libc_nano.a(libc_a-memset.o)
                0x00000000080045bc                memset
 .text.__libc_init_array
                0x00000000080045cc       0x48 D:/ITI_Embedded system/3- ARM/STM32CubeIDE_1.13.1/STM32CubeIDE/plugins/com.st.stm32cube.ide.mcu.externaltools.gnu-tools-for-stm32.11.3.rel1.win32_1.1.1.202309131626/tools/bin/../lib/gcc/arm-none-eabi/11.3.1/../../../../arm-none-eabi/lib/thumb/v7e-m+fp/hard\libc_nano.a(libc_a-init.o)
                0x00000000080045cc                __libc_init_array
 *(.glue_7)
 .glue_7        0x0000000008004614        0x0 linker stubs
 *(.glue_7t)
 .glue_7t       0x0000000008004614        0x0 linker stubs
 *(.eh_frame)
 .eh_frame      0x0000000008004614        0x0 D:/ITI_Embedded system/3- ARM/STM32CubeIDE_1.13.1/STM32CubeIDE/plugins/com.st.stm32cube.ide.mcu.externaltools.gnu-tools-for-stm32.11.3.rel1.win32_1.1.1.202309131626/tools/bin/../lib/gcc/arm-none-eabi/11.3.1/thumb/v7e-m+fp/hard/crtbegin.o
 *(.init)
 .init          0x0000000008004614        0x4 D:/ITI_Embedded system/3- ARM/STM32CubeIDE_1.13.1/STM32CubeIDE/plugins/com.st.stm32cube.ide.mcu.externaltools.gnu-tools-for-stm32.11.3.rel1.win32_1.1.1.202309131626/tools/bin/../lib/gcc/arm-none-eabi/11.3.1/thumb/v7e-m+fp/hard/crti.o
                0x0000000008004614                _init
 .init          0x0000000008004618        0x8 D:/ITI_Embedded system/3- ARM/STM32CubeIDE_1.13.1/STM32CubeIDE/plugins/com.st.stm32cube.ide.mcu.externaltools.gnu-tools-for-stm32.11.3.rel1.win32_1.1.1.202309131626/tools/bin/../lib/gcc/arm-none-eabi/11.3.1/thumb/v7e-m+fp/hard/crtn.o
 *(.fini)
 .fini          0x0000000008004620        0x4 D:/ITI_Embedded system/3- ARM/STM32CubeIDE_1.13.1/STM32CubeIDE/plugins/com.st.stm32cube.ide.mcu.externaltools.gnu-tools-for-stm32.11.3.rel1.win32_1.1.1.202309131626/tools/bin/../lib/gcc/arm-none-eabi/11.3.1/thumb/v7e-m+fp/hard/crti.o
                0x0000000008004620                _fini
 .fini          0x0000000008004624        0x8 D:/ITI_Embedded system/3- ARM/STM32CubeIDE_1.13.1/STM32CubeIDE/plugins/com.st.stm32cube.ide.mcu.externaltools.gnu-tools-for-stm32.11.3.rel1.win32_1.1.1.202309131626/tools/bin/../lib/gcc/arm-none-eabi/11.3.1/thumb/v7e-m+fp/hard/crtn.o
                0x000000000800462c                . = ALIGN (0x4)
                0x000000000800462c                _etext = .

.vfp11_veneer   0x000000000800462c        0x0
 .vfp11_veneer  0x000000000800462c        0x0 linker stubs

.v4_bx          0x000000000800462c        0x0
 .v4_bx         0x000000000800462c        0x0 linker stubs

.iplt           0x000000000800462c        0x0
 .iplt          0x000000000800462c        0x0 D:/ITI_Embedded system/3- ARM/STM32CubeIDE_1.13.1/STM32CubeIDE/plugins/com.st.stm32cube.ide.mcu.externaltools.gnu-tools-for-stm32.11.3.rel1.win32_1.1.1.202309131626/tools/bin/../lib/gcc/arm-none-eabi/11.3.1/thumb/v7e-m+fp/hard/crtbegin.o

.rodata         0x000000000800462c       0xc0
                0x000000000800462c                . = ALIGN (0x4)
 *(.rodata)
 .rodata        0x000000000800462c       0xa0 ./Core/Src/main.o
 .rodata        0x00000000080046cc        0x5 ./Middlewares/Third_Party/FreeRTOS/Source/tasks.o
 *(.rodata*)
 *fill*         0x00000000080046d1        0x3 
 .rodata.AHBPrescTable
                0x00000000080046d4       0x10 ./Core/Src/system_stm32f4xx.o
                0x00000000080046d4                AHBPrescTable
 .rodata.APBPrescTable
                0x00000000080046e4        0x8 ./Core/Src/system_stm32f4xx.o
                0x00000000080046e4                APBPrescTable
                0x00000000080046ec                . = ALIGN (0x4)

.ARM.extab      0x00000000080046ec        0x0
                0x00000000080046ec                . = ALIGN (0x4)
 *(.ARM.extab* .gnu.linkonce.armextab.*)
                0x00000000080046ec                . = ALIGN (0x4)

.ARM            0x00000000080046ec        0x8
                0x00000000080046ec                . = ALIGN (0x4)
                0x00000000080046ec                __exidx_start = .
 *(.ARM.exidx*)
 .ARM.exidx     0x00000000080046ec        0x8 D:/ITI_Embedded system/3- ARM/STM32CubeIDE_1.13.1/STM32CubeIDE/plugins/com.st.stm32cube.ide.mcu.externaltools.gnu-tools-for-stm32.11.3.rel1.win32_1.1.1.202309131626/tools/bin/../lib/gcc/arm-none-eabi/11.3.1/thumb/v7e-m+fp/hard\libgcc.a(_udivmoddi4.o)
                0x00000000080046f4                __exidx_end = .
                0x00000000080046f4                . = ALIGN (0x4)

.rel.dyn        0x00000000080046f4        0x0
 .rel.iplt      0x00000000080046f4        0x0 D:/ITI_Embedded system/3- ARM/STM32CubeIDE_1.13.1/STM32CubeIDE/plugins/com.st.stm32cube.ide.mcu.externaltools.gnu-tools-for-stm32.11.3.rel1.win32_1.1.1.202309131626/tools/bin/../lib/gcc/arm-none-eabi/11.3.1/thumb/v7e-m+fp/hard/crtbegin.o

.preinit_array  0x00000000080046f4        0x0
                0x00000000080046f4                . = ALIGN (0x4)
                0x00000000080046f4                PROVIDE (__preinit_array_start = .)
 *(.preinit_array*)
                0x00000000080046f4                PROVIDE (__preinit_array_end = .)
                0x00000000080046f4                . = ALIGN (0x4)

.init_array     0x00000000080046f4        0x4
                0x00000000080046f4                . = ALIGN (0x4)
                0x00000000080046f4                PROVIDE (__init_array_start = .)
 *(SORT_BY_NAME(.init_array.*))
 *(.init_array*)
 .init_array    0x00000000080046f4        0x4 D:/ITI_Embedded system/3- ARM/STM32CubeIDE_1.13.1/STM32CubeIDE/plugins/com.st.stm32cube.ide.mcu.externaltools.gnu-tools-for-stm32.11.3.rel1.win32_1.1.1.202309131626/tools/bin/../lib/gcc/arm-none-eabi/11.3.1/thumb/v7e-m+fp/hard/crtbegin.o
                0x00000000080046f8                PROVIDE (__init_array_end = .)
                0x00000000080046f8                . = ALIGN (0x4)

.fini_array     0x00000000080046f8        0x4
                0x00000000080046f8                . = ALIGN (0x4)
                [!provide]                        PROVIDE (__fini_array_start = .)
 *(SORT_BY_NAME(.fini_array.*))
 *(.fini_array*)
 .fini_array    0x00000000080046f8        0x4 D:/ITI_Embedded system/3- ARM/STM32CubeIDE_1.13.1/STM32CubeIDE/plugins/com.st.stm32cube.ide.mcu.externaltools.gnu-tools-for-stm32.11.3.rel1.win32_1.1.1.202309131626/tools/bin/../lib/gcc/arm-none-eabi/11.3.1/thumb/v7e-m+fp/hard/crtbegin.o
                [!provide]                        PROVIDE (__fini_array_end = .)
                0x00000000080046fc                . = ALIGN (0x4)
                0x00000000080046fc                _sidata = LOADADDR (.data)

.data           0x0000000020000000       0x10 load address 0x00000000080046fc
                0x0000000020000000                . = ALIGN (0x4)
                0x0000000020000000                _sdata = .
 *(.data)
 *(.data*)
 .data.SystemCoreClock
                0x0000000020000000        0x4 ./Core/Src/system_stm32f4xx.o
                0x0000000020000000                SystemCoreClock
 .data.uwTickPrio
                0x0000000020000004        0x4 ./Drivers/STM32F4xx_HAL_Driver/Src/stm32f4xx_hal.o
                0x0000000020000004                uwTickPrio
 .data.uwTickFreq
                0x0000000020000008        0x1 ./Drivers/STM32F4xx_HAL_Driver/Src/stm32f4xx_hal.o
                0x0000000020000008                uwTickFreq
 *fill*         0x0000000020000009        0x3 
 .data.uxCriticalNesting
                0x000000002000000c        0x4 ./Middlewares/Third_Party/FreeRTOS/Source/portable/GCC/ARM_CM4F/port.o
 *(.RamFunc)
 *(.RamFunc*)
                0x0000000020000010                . = ALIGN (0x4)
                0x0000000020000010                _edata = .

.igot.plt       0x0000000020000010        0x0 load address 0x000000000800470c
 .igot.plt      0x0000000020000010        0x0 D:/ITI_Embedded system/3- ARM/STM32CubeIDE_1.13.1/STM32CubeIDE/plugins/com.st.stm32cube.ide.mcu.externaltools.gnu-tools-for-stm32.11.3.rel1.win32_1.1.1.202309131626/tools/bin/../lib/gcc/arm-none-eabi/11.3.1/thumb/v7e-m+fp/hard/crtbegin.o
                0x0000000020000010                . = ALIGN (0x4)

.bss            0x0000000020000010     0x4130 load address 0x000000000800470c
                0x0000000020000010                _sbss = .
                0x0000000020000010                __bss_start__ = _sbss
 *(.bss)
 .bss           0x0000000020000010       0x1c D:/ITI_Embedded system/3- ARM/STM32CubeIDE_1.13.1/STM32CubeIDE/plugins/com.st.stm32cube.ide.mcu.externaltools.gnu-tools-for-stm32.11.3.rel1.win32_1.1.1.202309131626/tools/bin/../lib/gcc/arm-none-eabi/11.3.1/thumb/v7e-m+fp/hard/crtbegin.o
 *(.bss*)
 .bss.xIdleTaskTCBBuffer
                0x000000002000002c       0x54 ./Core/Src/freertos.o
 .bss.xIdleStack
                0x0000000020000080      0x200 ./Core/Src/freertos.o
 .bss.hspi1     0x0000000020000280       0x58 ./Core/Src/main.o
                0x0000000020000280                hspi1
 .bss.htim2     0x00000000200002d8       0x48 ./Core/Src/main.o
                0x00000000200002d8                htim2
 .bss.htim5     0x0000000020000320       0x48 ./Core/Src/main.o
                0x0000000020000320                htim5
 .bss.UltrasonicTaskHandle
                0x0000000020000368        0x4 ./Core/Src/main.o
                0x0000000020000368                UltrasonicTaskHandle
 .bss.Task2Handle
                0x000000002000036c        0x4 ./Core/Src/main.o
                0x000000002000036c                Task2Handle
 .bss.UItraSonicHandle
                0x0000000020000370        0x4 ./Core/Src/main.o
                0x0000000020000370                UItraSonicHandle
 .bss.myTask04Handle
                0x0000000020000374        0x4 ./Core/Src/main.o
                0x0000000020000374                myTask04Handle
 .bss.distance_u1
                0x0000000020000378        0x4 ./Core/Src/main.o
                0x0000000020000378                distance_u1
 .bss.distance_u2
                0x000000002000037c        0x4 ./Core/Src/main.o
                0x000000002000037c                distance_u2
 .bss.flag_timer2
                0x0000000020000380        0x4 ./Core/Src/main.o
                0x0000000020000380                flag_timer2
 .bss.t1_timer2
                0x0000000020000384        0x4 ./Core/Src/main.o
                0x0000000020000384                t1_timer2
 .bss.t2_timer2
                0x0000000020000388        0x4 ./Core/Src/main.o
                0x0000000020000388                t2_timer2
 .bss.time_timer2
                0x000000002000038c        0x4 ./Core/Src/main.o
                0x000000002000038c                time_timer2
 .bss.flag_timer5
                0x0000000020000390        0x4 ./Core/Src/main.o
                0x0000000020000390                flag_timer5
 .bss.t1_timer5
                0x0000000020000394        0x4 ./Core/Src/main.o
                0x0000000020000394                t1_timer5
 .bss.t2_timer5
                0x0000000020000398        0x4 ./Core/Src/main.o
                0x0000000020000398                t2_timer5
 .bss.time_timer5
                0x000000002000039c        0x4 ./Core/Src/main.o
                0x000000002000039c                time_timer5
 .bss.htim1     0x00000000200003a0       0x48 ./Core/Src/stm32f4xx_hal_timebase_tim.o
                0x00000000200003a0                htim1
 .bss.uwTick    0x00000000200003e8        0x4 ./Drivers/STM32F4xx_HAL_Driver/Src/stm32f4xx_hal.o
                0x00000000200003e8                uwTick
 .bss.pxCurrentTCB
                0x00000000200003ec        0x4 ./Middlewares/Third_Party/FreeRTOS/Source/tasks.o
                0x00000000200003ec                pxCurrentTCB
 .bss.pxReadyTasksLists
                0x00000000200003f0       0x8c ./Middlewares/Third_Party/FreeRTOS/Source/tasks.o
 .bss.xDelayedTaskList1
                0x000000002000047c       0x14 ./Middlewares/Third_Party/FreeRTOS/Source/tasks.o
 .bss.xDelayedTaskList2
                0x0000000020000490       0x14 ./Middlewares/Third_Party/FreeRTOS/Source/tasks.o
 .bss.pxDelayedTaskList
                0x00000000200004a4        0x4 ./Middlewares/Third_Party/FreeRTOS/Source/tasks.o
 .bss.pxOverflowDelayedTaskList
                0x00000000200004a8        0x4 ./Middlewares/Third_Party/FreeRTOS/Source/tasks.o
 .bss.xPendingReadyList
                0x00000000200004ac       0x14 ./Middlewares/Third_Party/FreeRTOS/Source/tasks.o
 .bss.xTasksWaitingTermination
                0x00000000200004c0       0x14 ./Middlewares/Third_Party/FreeRTOS/Source/tasks.o
 .bss.uxDeletedTasksWaitingCleanUp
                0x00000000200004d4        0x4 ./Middlewares/Third_Party/FreeRTOS/Source/tasks.o
 .bss.xSuspendedTaskList
                0x00000000200004d8       0x14 ./Middlewares/Third_Party/FreeRTOS/Source/tasks.o
 .bss.uxCurrentNumberOfTasks
                0x00000000200004ec        0x4 ./Middlewares/Third_Party/FreeRTOS/Source/tasks.o
 .bss.xTickCount
                0x00000000200004f0        0x4 ./Middlewares/Third_Party/FreeRTOS/Source/tasks.o
 .bss.uxTopReadyPriority
                0x00000000200004f4        0x4 ./Middlewares/Third_Party/FreeRTOS/Source/tasks.o
 .bss.xSchedulerRunning
                0x00000000200004f8        0x4 ./Middlewares/Third_Party/FreeRTOS/Source/tasks.o
 .bss.xPendedTicks
                0x00000000200004fc        0x4 ./Middlewares/Third_Party/FreeRTOS/Source/tasks.o
 .bss.xYieldPending
                0x0000000020000500        0x4 ./Middlewares/Third_Party/FreeRTOS/Source/tasks.o
 .bss.xNumOfOverflows
                0x0000000020000504        0x4 ./Middlewares/Third_Party/FreeRTOS/Source/tasks.o
 .bss.uxTaskNumber
                0x0000000020000508        0x4 ./Middlewares/Third_Party/FreeRTOS/Source/tasks.o
 .bss.xNextTaskUnblockTime
                0x000000002000050c        0x4 ./Middlewares/Third_Party/FreeRTOS/Source/tasks.o
 .bss.xIdleTaskHandle
                0x0000000020000510        0x4 ./Middlewares/Third_Party/FreeRTOS/Source/tasks.o
 .bss.uxSchedulerSuspended
                0x0000000020000514        0x4 ./Middlewares/Third_Party/FreeRTOS/Source/tasks.o
 .bss.ucMaxSysCallPriority
                0x0000000020000518        0x1 ./Middlewares/Third_Party/FreeRTOS/Source/portable/GCC/ARM_CM4F/port.o
 *fill*         0x0000000020000519        0x3 
 .bss.ulMaxPRIGROUPValue
                0x000000002000051c        0x4 ./Middlewares/Third_Party/FreeRTOS/Source/portable/GCC/ARM_CM4F/port.o
 .bss.ucHeap    0x0000000020000520     0x3c00 ./Middlewares/Third_Party/FreeRTOS/Source/portable/MemMang/heap_4.o
 .bss.xStart    0x0000000020004120        0x8 ./Middlewares/Third_Party/FreeRTOS/Source/portable/MemMang/heap_4.o
 .bss.pxEnd     0x0000000020004128        0x4 ./Middlewares/Third_Party/FreeRTOS/Source/portable/MemMang/heap_4.o
 .bss.xFreeBytesRemaining
                0x000000002000412c        0x4 ./Middlewares/Third_Party/FreeRTOS/Source/portable/MemMang/heap_4.o
 .bss.xMinimumEverFreeBytesRemaining
                0x0000000020004130        0x4 ./Middlewares/Third_Party/FreeRTOS/Source/portable/MemMang/heap_4.o
 .bss.xNumberOfSuccessfulAllocations
                0x0000000020004134        0x4 ./Middlewares/Third_Party/FreeRTOS/Source/portable/MemMang/heap_4.o
 .bss.xNumberOfSuccessfulFrees
                0x0000000020004138        0x4 ./Middlewares/Third_Party/FreeRTOS/Source/portable/MemMang/heap_4.o
 .bss.xBlockAllocatedBit
                0x000000002000413c        0x4 ./Middlewares/Third_Party/FreeRTOS/Source/portable/MemMang/heap_4.o
 *(COMMON)
                0x0000000020004140                . = ALIGN (0x4)
                0x0000000020004140                _ebss = .
                0x0000000020004140                __bss_end__ = _ebss

._user_heap_stack
                0x0000000020004140      0x600 load address 0x000000000800470c
                0x0000000020004140                . = ALIGN (0x8)
                [!provide]                        PROVIDE (end = .)
                0x0000000020004140                PROVIDE (_end = .)
                0x0000000020004340                . = (. + _Min_Heap_Size)
 *fill*         0x0000000020004140      0x200 
                0x0000000020004740                . = (. + _Min_Stack_Size)
 *fill*         0x0000000020004340      0x400 
                0x0000000020004740                . = ALIGN (0x8)

/DISCARD/
 libc.a(*)
 libm.a(*)
 libgcc.a(*)

.ARM.attributes
                0x0000000000000000       0x30
 *(.ARM.attributes)
 .ARM.attributes
                0x0000000000000000       0x1e D:/ITI_Embedded system/3- ARM/STM32CubeIDE_1.13.1/STM32CubeIDE/plugins/com.st.stm32cube.ide.mcu.externaltools.gnu-tools-for-stm32.11.3.rel1.win32_1.1.1.202309131626/tools/bin/../lib/gcc/arm-none-eabi/11.3.1/thumb/v7e-m+fp/hard/crti.o
 .ARM.attributes
                0x000000000000001e       0x34 D:/ITI_Embedded system/3- ARM/STM32CubeIDE_1.13.1/STM32CubeIDE/plugins/com.st.stm32cube.ide.mcu.externaltools.gnu-tools-for-stm32.11.3.rel1.win32_1.1.1.202309131626/tools/bin/../lib/gcc/arm-none-eabi/11.3.1/thumb/v7e-m+fp/hard/crtbegin.o
 .ARM.attributes
                0x0000000000000052       0x34 ./Core/Src/freertos.o
 .ARM.attributes
                0x0000000000000086       0x34 ./Core/Src/main.o
 .ARM.attributes
                0x00000000000000ba       0x34 ./Core/Src/stm32f4xx_hal_msp.o
 .ARM.attributes
                0x00000000000000ee       0x34 ./Core/Src/stm32f4xx_hal_timebase_tim.o
 .ARM.attributes
                0x0000000000000122       0x34 ./Core/Src/stm32f4xx_it.o
 .ARM.attributes
                0x0000000000000156       0x34 ./Core/Src/system_stm32f4xx.o
 .ARM.attributes
                0x000000000000018a       0x21 ./Core/Startup/startup_stm32f401ccux.o
 .ARM.attributes
                0x00000000000001ab       0x34 ./Drivers/STM32F4xx_HAL_Driver/Src/stm32f4xx_hal.o
 .ARM.attributes
                0x00000000000001df       0x34 ./Drivers/STM32F4xx_HAL_Driver/Src/stm32f4xx_hal_cortex.o
 .ARM.attributes
                0x0000000000000213       0x34 ./Drivers/STM32F4xx_HAL_Driver/Src/stm32f4xx_hal_gpio.o
 .ARM.attributes
                0x0000000000000247       0x34 ./Drivers/STM32F4xx_HAL_Driver/Src/stm32f4xx_hal_rcc.o
 .ARM.attributes
                0x000000000000027b       0x34 ./Drivers/STM32F4xx_HAL_Driver/Src/stm32f4xx_hal_spi.o
 .ARM.attributes
                0x00000000000002af       0x34 ./Drivers/STM32F4xx_HAL_Driver/Src/stm32f4xx_hal_tim.o
 .ARM.attributes
                0x00000000000002e3       0x34 ./Drivers/STM32F4xx_HAL_Driver/Src/stm32f4xx_hal_tim_ex.o
 .ARM.attributes
                0x0000000000000317       0x34 ./Middlewares/Third_Party/FreeRTOS/Source/CMSIS_RTOS/cmsis_os.o
 .ARM.attributes
                0x000000000000034b       0x34 ./Middlewares/Third_Party/FreeRTOS/Source/list.o
 .ARM.attributes
                0x000000000000037f       0x34 ./Middlewares/Third_Party/FreeRTOS/Source/tasks.o
 .ARM.attributes
                0x00000000000003b3       0x34 ./Middlewares/Third_Party/FreeRTOS/Source/portable/GCC/ARM_CM4F/port.o
 .ARM.attributes
                0x00000000000003e7       0x34 ./Middlewares/Third_Party/FreeRTOS/Source/portable/MemMang/heap_4.o
 .ARM.attributes
                0x000000000000041b       0x34 D:/ITI_Embedded system/3- ARM/STM32CubeIDE_1.13.1/STM32CubeIDE/plugins/com.st.stm32cube.ide.mcu.externaltools.gnu-tools-for-stm32.11.3.rel1.win32_1.1.1.202309131626/tools/bin/../lib/gcc/arm-none-eabi/11.3.1/../../../../arm-none-eabi/lib/thumb/v7e-m+fp/hard\libc_nano.a(libc_a-memset.o)
 .ARM.attributes
                0x000000000000044f       0x34 D:/ITI_Embedded system/3- ARM/STM32CubeIDE_1.13.1/STM32CubeIDE/plugins/com.st.stm32cube.ide.mcu.externaltools.gnu-tools-for-stm32.11.3.rel1.win32_1.1.1.202309131626/tools/bin/../lib/gcc/arm-none-eabi/11.3.1/../../../../arm-none-eabi/lib/thumb/v7e-m+fp/hard\libc_nano.a(libc_a-init.o)
 .ARM.attributes
                0x0000000000000483       0x1e D:/ITI_Embedded system/3- ARM/STM32CubeIDE_1.13.1/STM32CubeIDE/plugins/com.st.stm32cube.ide.mcu.externaltools.gnu-tools-for-stm32.11.3.rel1.win32_1.1.1.202309131626/tools/bin/../lib/gcc/arm-none-eabi/11.3.1/thumb/v7e-m+fp/hard\libgcc.a(_aeabi_uldivmod.o)
 .ARM.attributes
                0x00000000000004a1       0x34 D:/ITI_Embedded system/3- ARM/STM32CubeIDE_1.13.1/STM32CubeIDE/plugins/com.st.stm32cube.ide.mcu.externaltools.gnu-tools-for-stm32.11.3.rel1.win32_1.1.1.202309131626/tools/bin/../lib/gcc/arm-none-eabi/11.3.1/thumb/v7e-m+fp/hard\libgcc.a(_udivmoddi4.o)
 .ARM.attributes
                0x00000000000004d5       0x1e D:/ITI_Embedded system/3- ARM/STM32CubeIDE_1.13.1/STM32CubeIDE/plugins/com.st.stm32cube.ide.mcu.externaltools.gnu-tools-for-stm32.11.3.rel1.win32_1.1.1.202309131626/tools/bin/../lib/gcc/arm-none-eabi/11.3.1/thumb/v7e-m+fp/hard\libgcc.a(_dvmd_tls.o)
 .ARM.attributes
                0x00000000000004f3       0x1e D:/ITI_Embedded system/3- ARM/STM32CubeIDE_1.13.1/STM32CubeIDE/plugins/com.st.stm32cube.ide.mcu.externaltools.gnu-tools-for-stm32.11.3.rel1.win32_1.1.1.202309131626/tools/bin/../lib/gcc/arm-none-eabi/11.3.1/thumb/v7e-m+fp/hard/crtn.o
OUTPUT(023_timer_.elf elf32-littlearm)
LOAD linker stubs
LOAD D:/ITI_Embedded system/3- ARM/STM32CubeIDE_1.13.1/STM32CubeIDE/plugins/com.st.stm32cube.ide.mcu.externaltools.gnu-tools-for-stm32.11.3.rel1.win32_1.1.1.202309131626/tools/bin/../lib/gcc/arm-none-eabi/11.3.1/../../../../arm-none-eabi/lib/thumb/v7e-m+fp/hard\libc.a
LOAD D:/ITI_Embedded system/3- ARM/STM32CubeIDE_1.13.1/STM32CubeIDE/plugins/com.st.stm32cube.ide.mcu.externaltools.gnu-tools-for-stm32.11.3.rel1.win32_1.1.1.202309131626/tools/bin/../lib/gcc/arm-none-eabi/11.3.1/../../../../arm-none-eabi/lib/thumb/v7e-m+fp/hard\libm.a
LOAD D:/ITI_Embedded system/3- ARM/STM32CubeIDE_1.13.1/STM32CubeIDE/plugins/com.st.stm32cube.ide.mcu.externaltools.gnu-tools-for-stm32.11.3.rel1.win32_1.1.1.202309131626/tools/bin/../lib/gcc/arm-none-eabi/11.3.1/thumb/v7e-m+fp/hard\libgcc.a

.comment        0x0000000000000000       0x43
 .comment       0x0000000000000000       0x43 D:/ITI_Embedded system/3- ARM/STM32CubeIDE_1.13.1/STM32CubeIDE/plugins/com.st.stm32cube.ide.mcu.externaltools.gnu-tools-for-stm32.11.3.rel1.win32_1.1.1.202309131626/tools/bin/../lib/gcc/arm-none-eabi/11.3.1/thumb/v7e-m+fp/hard/crtbegin.o
                                         0x44 (size before relaxing)
 .comment       0x0000000000000043       0x44 ./Core/Src/freertos.o
 .comment       0x0000000000000043       0x44 ./Core/Src/main.o
 .comment       0x0000000000000043       0x44 ./Core/Src/stm32f4xx_hal_msp.o
 .comment       0x0000000000000043       0x44 ./Core/Src/stm32f4xx_hal_timebase_tim.o
 .comment       0x0000000000000043       0x44 ./Core/Src/stm32f4xx_it.o
 .comment       0x0000000000000043       0x44 ./Core/Src/system_stm32f4xx.o
 .comment       0x0000000000000043       0x44 ./Drivers/STM32F4xx_HAL_Driver/Src/stm32f4xx_hal.o
 .comment       0x0000000000000043       0x44 ./Drivers/STM32F4xx_HAL_Driver/Src/stm32f4xx_hal_cortex.o
 .comment       0x0000000000000043       0x44 ./Drivers/STM32F4xx_HAL_Driver/Src/stm32f4xx_hal_gpio.o
 .comment       0x0000000000000043       0x44 ./Drivers/STM32F4xx_HAL_Driver/Src/stm32f4xx_hal_rcc.o
 .comment       0x0000000000000043       0x44 ./Drivers/STM32F4xx_HAL_Driver/Src/stm32f4xx_hal_spi.o
 .comment       0x0000000000000043       0x44 ./Drivers/STM32F4xx_HAL_Driver/Src/stm32f4xx_hal_tim.o
 .comment       0x0000000000000043       0x44 ./Drivers/STM32F4xx_HAL_Driver/Src/stm32f4xx_hal_tim_ex.o
 .comment       0x0000000000000043       0x44 ./Middlewares/Third_Party/FreeRTOS/Source/CMSIS_RTOS/cmsis_os.o
 .comment       0x0000000000000043       0x44 ./Middlewares/Third_Party/FreeRTOS/Source/list.o
 .comment       0x0000000000000043       0x44 ./Middlewares/Third_Party/FreeRTOS/Source/tasks.o
 .comment       0x0000000000000043       0x44 ./Middlewares/Third_Party/FreeRTOS/Source/portable/GCC/ARM_CM4F/port.o
 .comment       0x0000000000000043       0x44 ./Middlewares/Third_Party/FreeRTOS/Source/portable/MemMang/heap_4.o

.debug_info     0x0000000000000000     0xfe6f
 .debug_info    0x0000000000000000      0x279 ./Core/Src/freertos.o
 .debug_info    0x0000000000000279     0x1758 ./Core/Src/main.o
 .debug_info    0x00000000000019d1      0xf4c ./Core/Src/stm32f4xx_hal_msp.o
 .debug_info    0x000000000000291d      0xb6f ./Core/Src/stm32f4xx_hal_timebase_tim.o
 .debug_info    0x000000000000348c      0x6d4 ./Core/Src/stm32f4xx_it.o
 .debug_info    0x0000000000003b60      0x53e ./Core/Src/system_stm32f4xx.o
 .debug_info    0x000000000000409e       0x23 ./Core/Startup/startup_stm32f401ccux.o
 .debug_info    0x00000000000040c1      0x8bb ./Drivers/STM32F4xx_HAL_Driver/Src/stm32f4xx_hal.o
 .debug_info    0x000000000000497c      0xcb0 ./Drivers/STM32F4xx_HAL_Driver/Src/stm32f4xx_hal_cortex.o
 .debug_info    0x000000000000562c      0x6f9 ./Drivers/STM32F4xx_HAL_Driver/Src/stm32f4xx_hal_gpio.o
 .debug_info    0x0000000000005d25      0x8f3 ./Drivers/STM32F4xx_HAL_Driver/Src/stm32f4xx_hal_rcc.o
 .debug_info    0x0000000000006618     0x1606 ./Drivers/STM32F4xx_HAL_Driver/Src/stm32f4xx_hal_spi.o
 .debug_info    0x0000000000007c1e     0x2941 ./Drivers/STM32F4xx_HAL_Driver/Src/stm32f4xx_hal_tim.o
 .debug_info    0x000000000000a55f     0x14a7 ./Drivers/STM32F4xx_HAL_Driver/Src/stm32f4xx_hal_tim_ex.o
 .debug_info    0x000000000000ba06     0x1b60 ./Middlewares/Third_Party/FreeRTOS/Source/CMSIS_RTOS/cmsis_os.o
 .debug_info    0x000000000000d566      0x2af ./Middlewares/Third_Party/FreeRTOS/Source/list.o
 .debug_info    0x000000000000d815     0x1ca7 ./Middlewares/Third_Party/FreeRTOS/Source/tasks.o
 .debug_info    0x000000000000f4bc      0x4de ./Middlewares/Third_Party/FreeRTOS/Source/portable/GCC/ARM_CM4F/port.o
 .debug_info    0x000000000000f99a      0x4d5 ./Middlewares/Third_Party/FreeRTOS/Source/portable/MemMang/heap_4.o

.debug_abbrev   0x0000000000000000     0x289d
 .debug_abbrev  0x0000000000000000       0xd2 ./Core/Src/freertos.o
 .debug_abbrev  0x00000000000000d2      0x332 ./Core/Src/main.o
 .debug_abbrev  0x0000000000000404      0x1d7 ./Core/Src/stm32f4xx_hal_msp.o
 .debug_abbrev  0x00000000000005db      0x207 ./Core/Src/stm32f4xx_hal_timebase_tim.o
 .debug_abbrev  0x00000000000007e2      0x194 ./Core/Src/stm32f4xx_it.o
 .debug_abbrev  0x0000000000000976      0x11a ./Core/Src/system_stm32f4xx.o
 .debug_abbrev  0x0000000000000a90       0x12 ./Core/Startup/startup_stm32f401ccux.o
 .debug_abbrev  0x0000000000000aa2      0x24b ./Drivers/STM32F4xx_HAL_Driver/Src/stm32f4xx_hal.o
 .debug_abbrev  0x0000000000000ced      0x327 ./Drivers/STM32F4xx_HAL_Driver/Src/stm32f4xx_hal_cortex.o
 .debug_abbrev  0x0000000000001014      0x1d3 ./Drivers/STM32F4xx_HAL_Driver/Src/stm32f4xx_hal_gpio.o
 .debug_abbrev  0x00000000000011e7      0x2b5 ./Drivers/STM32F4xx_HAL_Driver/Src/stm32f4xx_hal_rcc.o
 .debug_abbrev  0x000000000000149c      0x280 ./Drivers/STM32F4xx_HAL_Driver/Src/stm32f4xx_hal_spi.o
 .debug_abbrev  0x000000000000171c      0x284 ./Drivers/STM32F4xx_HAL_Driver/Src/stm32f4xx_hal_tim.o
 .debug_abbrev  0x00000000000019a0      0x28f ./Drivers/STM32F4xx_HAL_Driver/Src/stm32f4xx_hal_tim_ex.o
 .debug_abbrev  0x0000000000001c2f      0x3a7 ./Middlewares/Third_Party/FreeRTOS/Source/CMSIS_RTOS/cmsis_os.o
 .debug_abbrev  0x0000000000001fd6       0xf5 ./Middlewares/Third_Party/FreeRTOS/Source/list.o
 .debug_abbrev  0x00000000000020cb      0x359 ./Middlewares/Third_Party/FreeRTOS/Source/tasks.o
 .debug_abbrev  0x0000000000002424      0x25c ./Middlewares/Third_Party/FreeRTOS/Source/portable/GCC/ARM_CM4F/port.o
 .debug_abbrev  0x0000000000002680      0x21d ./Middlewares/Third_Party/FreeRTOS/Source/portable/MemMang/heap_4.o

.debug_aranges  0x0000000000000000     0x1068
 .debug_aranges
                0x0000000000000000       0x20 ./Core/Src/freertos.o
 .debug_aranges
                0x0000000000000020       0x90 ./Core/Src/main.o
 .debug_aranges
                0x00000000000000b0       0x40 ./Core/Src/stm32f4xx_hal_msp.o
 .debug_aranges
                0x00000000000000f0       0x30 ./Core/Src/stm32f4xx_hal_timebase_tim.o
 .debug_aranges
                0x0000000000000120       0x60 ./Core/Src/stm32f4xx_it.o
 .debug_aranges
                0x0000000000000180       0x28 ./Core/Src/system_stm32f4xx.o
 .debug_aranges
                0x00000000000001a8       0x28 ./Core/Startup/startup_stm32f401ccux.o
 .debug_aranges
                0x00000000000001d0       0xf0 ./Drivers/STM32F4xx_HAL_Driver/Src/stm32f4xx_hal.o
 .debug_aranges
                0x00000000000002c0      0x118 ./Drivers/STM32F4xx_HAL_Driver/Src/stm32f4xx_hal_cortex.o
 .debug_aranges
                0x00000000000003d8       0x58 ./Drivers/STM32F4xx_HAL_Driver/Src/stm32f4xx_hal_gpio.o
 .debug_aranges
                0x0000000000000430       0x88 ./Drivers/STM32F4xx_HAL_Driver/Src/stm32f4xx_hal_rcc.o
 .debug_aranges
                0x00000000000004b8      0x1d0 ./Drivers/STM32F4xx_HAL_Driver/Src/stm32f4xx_hal_spi.o
 .debug_aranges
                0x0000000000000688      0x3d0 ./Drivers/STM32F4xx_HAL_Driver/Src/stm32f4xx_hal_tim.o
 .debug_aranges
                0x0000000000000a58      0x168 ./Drivers/STM32F4xx_HAL_Driver/Src/stm32f4xx_hal_tim_ex.o
 .debug_aranges
                0x0000000000000bc0      0x1d8 ./Middlewares/Third_Party/FreeRTOS/Source/CMSIS_RTOS/cmsis_os.o
 .debug_aranges
                0x0000000000000d98       0x40 ./Middlewares/Third_Party/FreeRTOS/Source/list.o
 .debug_aranges
                0x0000000000000dd8      0x1b8 ./Middlewares/Third_Party/FreeRTOS/Source/tasks.o
 .debug_aranges
                0x0000000000000f90       0x80 ./Middlewares/Third_Party/FreeRTOS/Source/portable/GCC/ARM_CM4F/port.o
 .debug_aranges
                0x0000000000001010       0x58 ./Middlewares/Third_Party/FreeRTOS/Source/portable/MemMang/heap_4.o

.debug_rnglists
                0x0000000000000000      0xca6
 .debug_rnglists
                0x0000000000000000       0x13 ./Core/Src/freertos.o
 .debug_rnglists
                0x0000000000000013       0x6d ./Core/Src/main.o
 .debug_rnglists
                0x0000000000000080       0x2d ./Core/Src/stm32f4xx_hal_msp.o
 .debug_rnglists
                0x00000000000000ad       0x20 ./Core/Src/stm32f4xx_hal_timebase_tim.o
 .debug_rnglists
                0x00000000000000cd       0x43 ./Core/Src/stm32f4xx_it.o
 .debug_rnglists
                0x0000000000000110       0x1a ./Core/Src/system_stm32f4xx.o
 .debug_rnglists
                0x000000000000012a       0x19 ./Core/Startup/startup_stm32f401ccux.o
 .debug_rnglists
                0x0000000000000143       0xaf ./Drivers/STM32F4xx_HAL_Driver/Src/stm32f4xx_hal.o
 .debug_rnglists
                0x00000000000001f2       0xce ./Drivers/STM32F4xx_HAL_Driver/Src/stm32f4xx_hal_cortex.o
 .debug_rnglists
                0x00000000000002c0       0x3f ./Drivers/STM32F4xx_HAL_Driver/Src/stm32f4xx_hal_gpio.o
 .debug_rnglists
                0x00000000000002ff       0x66 ./Drivers/STM32F4xx_HAL_Driver/Src/stm32f4xx_hal_rcc.o
 .debug_rnglists
                0x0000000000000365      0x16f ./Drivers/STM32F4xx_HAL_Driver/Src/stm32f4xx_hal_spi.o
 .debug_rnglists
                0x00000000000004d4      0x31a ./Drivers/STM32F4xx_HAL_Driver/Src/stm32f4xx_hal_tim.o
 .debug_rnglists
                0x00000000000007ee      0x125 ./Drivers/STM32F4xx_HAL_Driver/Src/stm32f4xx_hal_tim_ex.o
 .debug_rnglists
                0x0000000000000913      0x16a ./Middlewares/Third_Party/FreeRTOS/Source/CMSIS_RTOS/cmsis_os.o
 .debug_rnglists
                0x0000000000000a7d       0x2b ./Middlewares/Third_Party/FreeRTOS/Source/list.o
 .debug_rnglists
                0x0000000000000aa8      0x15f ./Middlewares/Third_Party/FreeRTOS/Source/tasks.o
 .debug_rnglists
                0x0000000000000c07       0x5d ./Middlewares/Third_Party/FreeRTOS/Source/portable/GCC/ARM_CM4F/port.o
 .debug_rnglists
                0x0000000000000c64       0x42 ./Middlewares/Third_Party/FreeRTOS/Source/portable/MemMang/heap_4.o

.debug_macro    0x0000000000000000    0x17031
 .debug_macro   0x0000000000000000      0x240 ./Core/Src/freertos.o
 .debug_macro   0x0000000000000240      0xaa8 ./Core/Src/freertos.o
 .debug_macro   0x0000000000000ce8      0x174 ./Core/Src/freertos.o
 .debug_macro   0x0000000000000e5c       0x22 ./Core/Src/freertos.o
 .debug_macro   0x0000000000000e7e       0x8e ./Core/Src/freertos.o
 .debug_macro   0x0000000000000f0c       0x51 ./Core/Src/freertos.o
 .debug_macro   0x0000000000000f5d      0x103 ./Core/Src/freertos.o
 .debug_macro   0x0000000000001060       0x6a ./Core/Src/freertos.o
 .debug_macro   0x00000000000010ca      0x1df ./Core/Src/freertos.o
 .debug_macro   0x00000000000012a9       0xea ./Core/Src/freertos.o
 .debug_macro   0x0000000000001393      0x15a ./Core/Src/freertos.o
 .debug_macro   0x00000000000014ed       0xde ./Core/Src/freertos.o
 .debug_macro   0x00000000000015cb       0x1c ./Core/Src/freertos.o
 .debug_macro   0x00000000000015e7       0x26 ./Core/Src/freertos.o
 .debug_macro   0x000000000000160d      0x504 ./Core/Src/freertos.o
 .debug_macro   0x0000000000001b11       0xb5 ./Core/Src/freertos.o
 .debug_macro   0x0000000000001bc6       0xaa ./Core/Src/freertos.o
 .debug_macro   0x0000000000001c70      0x29b ./Core/Src/freertos.o
 .debug_macro   0x0000000000001f0b       0x2e ./Core/Src/freertos.o
 .debug_macro   0x0000000000001f39       0x28 ./Core/Src/freertos.o
 .debug_macro   0x0000000000001f61       0x1c ./Core/Src/freertos.o
 .debug_macro   0x0000000000001f7d       0x22 ./Core/Src/freertos.o
 .debug_macro   0x0000000000001f9f       0xd9 ./Core/Src/freertos.o
 .debug_macro   0x0000000000002078     0x102d ./Core/Src/freertos.o
 .debug_macro   0x00000000000030a5      0x11f ./Core/Src/freertos.o
 .debug_macro   0x00000000000031c4     0xb86c ./Core/Src/freertos.o
 .debug_macro   0x000000000000ea30       0x6d ./Core/Src/freertos.o
 .debug_macro   0x000000000000ea9d     0x367e ./Core/Src/freertos.o
 .debug_macro   0x000000000001211b       0x5c ./Core/Src/freertos.o
 .debug_macro   0x0000000000012177      0x416 ./Core/Src/freertos.o
 .debug_macro   0x000000000001258d      0x9fe ./Core/Src/freertos.o
 .debug_macro   0x0000000000012f8b      0x115 ./Core/Src/freertos.o
 .debug_macro   0x00000000000130a0       0xf8 ./Core/Src/freertos.o
 .debug_macro   0x0000000000013198       0xa5 ./Core/Src/freertos.o
 .debug_macro   0x000000000001323d      0x15f ./Core/Src/freertos.o
 .debug_macro   0x000000000001339c      0x287 ./Core/Src/freertos.o
 .debug_macro   0x0000000000013623       0x5f ./Core/Src/freertos.o
 .debug_macro   0x0000000000013682      0x236 ./Core/Src/freertos.o
 .debug_macro   0x00000000000138b8      0x132 ./Core/Src/freertos.o
 .debug_macro   0x00000000000139ea      0x23a ./Core/Src/freertos.o
 .debug_macro   0x0000000000013c24       0x2e ./Core/Src/freertos.o
 .debug_macro   0x0000000000013c52      0x11a ./Core/Src/freertos.o
 .debug_macro   0x0000000000013d6c       0x85 ./Core/Src/freertos.o
 .debug_macro   0x0000000000013df1       0x89 ./Core/Src/freertos.o
 .debug_macro   0x0000000000013e7a      0x225 ./Core/Src/freertos.o
 .debug_macro   0x000000000001409f      0x8e6 ./Core/Src/freertos.o
 .debug_macro   0x0000000000014985       0x47 ./Core/Src/freertos.o
 .debug_macro   0x00000000000149cc      0x126 ./Core/Src/freertos.o
 .debug_macro   0x0000000000014af2      0x2d3 ./Core/Src/main.o
 .debug_macro   0x0000000000014dc5       0xea ./Core/Src/main.o
 .debug_macro   0x0000000000014eaf       0x91 ./Core/Src/main.o
 .debug_macro   0x0000000000014f40       0x8d ./Core/Src/main.o
 .debug_macro   0x0000000000014fcd       0x7e ./Core/Src/main.o
 .debug_macro   0x000000000001504b       0x19 ./Core/Src/main.o
 .debug_macro   0x0000000000015064       0xf2 ./Core/Src/main.o
 .debug_macro   0x0000000000015156      0x1d8 ./Core/Src/stm32f4xx_hal_msp.o
 .debug_macro   0x000000000001532e      0x1ce ./Core/Src/stm32f4xx_hal_timebase_tim.o
 .debug_macro   0x00000000000154fc      0x1e2 ./Core/Src/stm32f4xx_it.o
 .debug_macro   0x00000000000156de      0x1ce ./Core/Src/system_stm32f4xx.o
 .debug_macro   0x00000000000158ac      0x22e ./Drivers/STM32F4xx_HAL_Driver/Src/stm32f4xx_hal.o
 .debug_macro   0x0000000000015ada      0x1ce ./Drivers/STM32F4xx_HAL_Driver/Src/stm32f4xx_hal_cortex.o
 .debug_macro   0x0000000000015ca8      0x1d4 ./Drivers/STM32F4xx_HAL_Driver/Src/stm32f4xx_hal_gpio.o
 .debug_macro   0x0000000000015e7c      0x1f2 ./Drivers/STM32F4xx_HAL_Driver/Src/stm32f4xx_hal_rcc.o
 .debug_macro   0x000000000001606e      0x1dd ./Drivers/STM32F4xx_HAL_Driver/Src/stm32f4xx_hal_spi.o
 .debug_macro   0x000000000001624b      0x1cf ./Drivers/STM32F4xx_HAL_Driver/Src/stm32f4xx_hal_tim.o
 .debug_macro   0x000000000001641a      0x1ce ./Drivers/STM32F4xx_HAL_Driver/Src/stm32f4xx_hal_tim_ex.o
 .debug_macro   0x00000000000165e8      0x1fe ./Middlewares/Third_Party/FreeRTOS/Source/CMSIS_RTOS/cmsis_os.o
 .debug_macro   0x00000000000167e6       0x10 ./Middlewares/Third_Party/FreeRTOS/Source/CMSIS_RTOS/cmsis_os.o
 .debug_macro   0x00000000000167f6       0x20 ./Middlewares/Third_Party/FreeRTOS/Source/CMSIS_RTOS/cmsis_os.o
 .debug_macro   0x0000000000016816       0xc7 ./Middlewares/Third_Party/FreeRTOS/Source/CMSIS_RTOS/cmsis_os.o
 .debug_macro   0x00000000000168dd      0x187 ./Middlewares/Third_Party/FreeRTOS/Source/list.o
 .debug_macro   0x0000000000016a64      0x279 ./Middlewares/Third_Party/FreeRTOS/Source/tasks.o
 .debug_macro   0x0000000000016cdd       0x10 ./Middlewares/Third_Party/FreeRTOS/Source/tasks.o
 .debug_macro   0x0000000000016ced      0x196 ./Middlewares/Third_Party/FreeRTOS/Source/portable/GCC/ARM_CM4F/port.o
 .debug_macro   0x0000000000016e83      0x1ae ./Middlewares/Third_Party/FreeRTOS/Source/portable/MemMang/heap_4.o

.debug_line     0x0000000000000000    0x1130a
 .debug_line    0x0000000000000000      0x814 ./Core/Src/freertos.o
 .debug_line    0x0000000000000814      0xc91 ./Core/Src/main.o
 .debug_line    0x00000000000014a5      0x7e9 ./Core/Src/stm32f4xx_hal_msp.o
 .debug_line    0x0000000000001c8e      0x783 ./Core/Src/stm32f4xx_hal_timebase_tim.o
 .debug_line    0x0000000000002411      0x7e2 ./Core/Src/stm32f4xx_it.o
 .debug_line    0x0000000000002bf3      0x797 ./Core/Src/system_stm32f4xx.o
 .debug_line    0x000000000000338a       0x7a ./Core/Startup/startup_stm32f401ccux.o
 .debug_line    0x0000000000003404      0x9fd ./Drivers/STM32F4xx_HAL_Driver/Src/stm32f4xx_hal.o
 .debug_line    0x0000000000003e01      0xcac ./Drivers/STM32F4xx_HAL_Driver/Src/stm32f4xx_hal_cortex.o
 .debug_line    0x0000000000004aad      0xb35 ./Drivers/STM32F4xx_HAL_Driver/Src/stm32f4xx_hal_gpio.o
 .debug_line    0x00000000000055e2      0xd74 ./Drivers/STM32F4xx_HAL_Driver/Src/stm32f4xx_hal_rcc.o
 .debug_line    0x0000000000006356     0x1c8e ./Drivers/STM32F4xx_HAL_Driver/Src/stm32f4xx_hal_spi.o
 .debug_line    0x0000000000007fe4     0x34c3 ./Drivers/STM32F4xx_HAL_Driver/Src/stm32f4xx_hal_tim.o
 .debug_line    0x000000000000b4a7     0x1995 ./Drivers/STM32F4xx_HAL_Driver/Src/stm32f4xx_hal_tim_ex.o
 .debug_line    0x000000000000ce3c     0x1244 ./Middlewares/Third_Party/FreeRTOS/Source/CMSIS_RTOS/cmsis_os.o
 .debug_line    0x000000000000e080      0x774 ./Middlewares/Third_Party/FreeRTOS/Source/list.o
 .debug_line    0x000000000000e7f4     0x1983 ./Middlewares/Third_Party/FreeRTOS/Source/tasks.o
 .debug_line    0x0000000000010177      0x7f8 ./Middlewares/Third_Party/FreeRTOS/Source/portable/GCC/ARM_CM4F/port.o
 .debug_line    0x000000000001096f      0x99b ./Middlewares/Third_Party/FreeRTOS/Source/portable/MemMang/heap_4.o

.debug_str      0x0000000000000000    0x947a3
 .debug_str     0x0000000000000000    0x89115 ./Core/Src/freertos.o
                                      0x893c3 (size before relaxing)
 .debug_str     0x0000000000089115     0x3265 ./Core/Src/main.o
                                      0x8c69b (size before relaxing)
 .debug_str     0x000000000008c37a      0x461 ./Core/Src/stm32f4xx_hal_msp.o
                                      0x86197 (size before relaxing)
 .debug_str     0x000000000008c7db       0xe5 ./Core/Src/stm32f4xx_hal_timebase_tim.o
                                      0x85ff4 (size before relaxing)
 .debug_str     0x000000000008c8c0       0xde ./Core/Src/stm32f4xx_it.o
                                      0x85a8f (size before relaxing)
 .debug_str     0x000000000008c99e       0xdb ./Core/Src/system_stm32f4xx.o
                                      0x8566f (size before relaxing)
 .debug_str     0x000000000008ca79       0x34 ./Core/Startup/startup_stm32f401ccux.o
                                         0x74 (size before relaxing)
 .debug_str     0x000000000008caad      0x5c9 ./Drivers/STM32F4xx_HAL_Driver/Src/stm32f4xx_hal.o
                                      0x86091 (size before relaxing)
 .debug_str     0x000000000008d076      0x31d ./Drivers/STM32F4xx_HAL_Driver/Src/stm32f4xx_hal_cortex.o
                                      0x85db2 (size before relaxing)
 .debug_str     0x000000000008d393      0x121 ./Drivers/STM32F4xx_HAL_Driver/Src/stm32f4xx_hal_gpio.o
                                      0x857ea (size before relaxing)
 .debug_str     0x000000000008d4b4      0x1fd ./Drivers/STM32F4xx_HAL_Driver/Src/stm32f4xx_hal_rcc.o
                                      0x85aa3 (size before relaxing)
 .debug_str     0x000000000008d6b1      0x59d ./Drivers/STM32F4xx_HAL_Driver/Src/stm32f4xx_hal_spi.o
                                      0x85f21 (size before relaxing)
 .debug_str     0x000000000008dc4e      0xd04 ./Drivers/STM32F4xx_HAL_Driver/Src/stm32f4xx_hal_tim.o
                                      0x869d7 (size before relaxing)
 .debug_str     0x000000000008e952      0x493 ./Drivers/STM32F4xx_HAL_Driver/Src/stm32f4xx_hal_tim_ex.o
                                      0x861f3 (size before relaxing)
 .debug_str     0x000000000008ede5     0x3bd9 ./Middlewares/Third_Party/FreeRTOS/Source/CMSIS_RTOS/cmsis_os.o
                                       0xe791 (size before relaxing)
 .debug_str     0x00000000000929be      0x20f ./Middlewares/Third_Party/FreeRTOS/Source/list.o
                                       0xaa94 (size before relaxing)
 .debug_str     0x0000000000092bcd     0x1126 ./Middlewares/Third_Party/FreeRTOS/Source/tasks.o
                                       0xcdff (size before relaxing)
 .debug_str     0x0000000000093cf3      0x783 ./Middlewares/Third_Party/FreeRTOS/Source/portable/GCC/ARM_CM4F/port.o
                                       0x86d9 (size before relaxing)
 .debug_str     0x0000000000094476      0x32d ./Middlewares/Third_Party/FreeRTOS/Source/portable/MemMang/heap_4.o
                                       0xb3d6 (size before relaxing)

.debug_frame    0x0000000000000000     0x4400
 .debug_frame   0x0000000000000000       0x38 ./Core/Src/freertos.o
 .debug_frame   0x0000000000000038      0x1f8 ./Core/Src/main.o
 .debug_frame   0x0000000000000230       0xc4 ./Core/Src/stm32f4xx_hal_msp.o
 .debug_frame   0x00000000000002f4       0x74 ./Core/Src/stm32f4xx_hal_timebase_tim.o
 .debug_frame   0x0000000000000368       0xfc ./Core/Src/stm32f4xx_it.o
 .debug_frame   0x0000000000000464       0x58 ./Core/Src/system_stm32f4xx.o
 .debug_frame   0x00000000000004bc      0x374 ./Drivers/STM32F4xx_HAL_Driver/Src/stm32f4xx_hal.o
 .debug_frame   0x0000000000000830      0x498 ./Drivers/STM32F4xx_HAL_Driver/Src/stm32f4xx_hal_cortex.o
 .debug_frame   0x0000000000000cc8      0x14c ./Drivers/STM32F4xx_HAL_Driver/Src/stm32f4xx_hal_gpio.o
 .debug_frame   0x0000000000000e14      0x1f4 ./Drivers/STM32F4xx_HAL_Driver/Src/stm32f4xx_hal_rcc.o
 .debug_frame   0x0000000000001008      0x824 ./Drivers/STM32F4xx_HAL_Driver/Src/stm32f4xx_hal_spi.o
 .debug_frame   0x000000000000182c     0x11bc ./Drivers/STM32F4xx_HAL_Driver/Src/stm32f4xx_hal_tim.o
 .debug_frame   0x00000000000029e8      0x638 ./Drivers/STM32F4xx_HAL_Driver/Src/stm32f4xx_hal_tim_ex.o
 .debug_frame   0x0000000000003020      0x80c ./Middlewares/Third_Party/FreeRTOS/Source/CMSIS_RTOS/cmsis_os.o
 .debug_frame   0x000000000000382c       0xd8 ./Middlewares/Third_Party/FreeRTOS/Source/list.o
 .debug_frame   0x0000000000003904      0x77c ./Middlewares/Third_Party/FreeRTOS/Source/tasks.o
 .debug_frame   0x0000000000004080      0x1a8 ./Middlewares/Third_Party/FreeRTOS/Source/portable/GCC/ARM_CM4F/port.o
 .debug_frame   0x0000000000004228      0x12c ./Middlewares/Third_Party/FreeRTOS/Source/portable/MemMang/heap_4.o
 .debug_frame   0x0000000000004354       0x20 D:/ITI_Embedded system/3- ARM/STM32CubeIDE_1.13.1/STM32CubeIDE/plugins/com.st.stm32cube.ide.mcu.externaltools.gnu-tools-for-stm32.11.3.rel1.win32_1.1.1.202309131626/tools/bin/../lib/gcc/arm-none-eabi/11.3.1/../../../../arm-none-eabi/lib/thumb/v7e-m+fp/hard\libc_nano.a(libc_a-memset.o)
 .debug_frame   0x0000000000004374       0x2c D:/ITI_Embedded system/3- ARM/STM32CubeIDE_1.13.1/STM32CubeIDE/plugins/com.st.stm32cube.ide.mcu.externaltools.gnu-tools-for-stm32.11.3.rel1.win32_1.1.1.202309131626/tools/bin/../lib/gcc/arm-none-eabi/11.3.1/../../../../arm-none-eabi/lib/thumb/v7e-m+fp/hard\libc_nano.a(libc_a-init.o)
 .debug_frame   0x00000000000043a0       0x2c D:/ITI_Embedded system/3- ARM/STM32CubeIDE_1.13.1/STM32CubeIDE/plugins/com.st.stm32cube.ide.mcu.externaltools.gnu-tools-for-stm32.11.3.rel1.win32_1.1.1.202309131626/tools/bin/../lib/gcc/arm-none-eabi/11.3.1/thumb/v7e-m+fp/hard\libgcc.a(_aeabi_uldivmod.o)
 .debug_frame   0x00000000000043cc       0x34 D:/ITI_Embedded system/3- ARM/STM32CubeIDE_1.13.1/STM32CubeIDE/plugins/com.st.stm32cube.ide.mcu.externaltools.gnu-tools-for-stm32.11.3.rel1.win32_1.1.1.202309131626/tools/bin/../lib/gcc/arm-none-eabi/11.3.1/thumb/v7e-m+fp/hard\libgcc.a(_udivmoddi4.o)

.debug_line_str
                0x0000000000000000       0x68
 .debug_line_str
                0x0000000000000000       0x68 ./Core/Startup/startup_stm32f401ccux.o
                                         0x80 (size before relaxing)
