../Core/Src/main.c:233:5:main	8	static
../Core/Src/main.c:336:6:SystemClock_Config	88	static
../Core/Src/main.c:378:13:MX_ADC1_Init	24	static
../Core/Src/main.c:427:13:MX_I2C1_Init	8	static
../Core/Src/main.c:461:13:MX_USART1_UART_Init	8	static
../Core/Src/main.c:494:13:MX_USART2_UART_Init	8	static
../Core/Src/main.c:525:13:MX_DMA_Init	16	static
../Core/Src/main.c:543:13:MX_GPIO_Init	40	static
../Core/Src/main.c:587:6:ADC_select_CH0	24	static
../Core/Src/main.c:602:6:ADC_select_CH5	24	static
../Core/Src/main.c:616:10:GetElapsedTime	16	static
../Core/Src/main.c:621:6:EEPROM_voidInitTime	16	static
../Core/Src/main.c:641:6:mapDigitalvalueToLeds	16	static
../Core/Src/main.c:695:6:getDigitalTemperatureFromADC	8	static
../Core/Src/main.c:703:6:mapDigitalTemperatureToVolt	4	static
../Core/Src/main.c:707:6:mapMVoltToCelsius	4	static
../Core/Src/main.c:721:6:IncTimFunc	16	static
../Core/Src/main.c:741:6:EEPROM_saveTimVal	24	static
../Core/Src/main.c:771:6:getFuelLevelFromADC	16	static
../Core/Src/main.c:795:6:mapFuelLevelDigtalToLED	16	static
../Core/Src/main.c:819:6:LM35_getTemprature	24	static
../Core/Src/main.c:853:6:trigSendRPI	16	static
../Core/Src/main.c:878:6:renableUART_DMA	16	static
../Core/Src/main.c:896:6:Error_Handler	4	static,ignoring_inline_asm
